 ttd

 Timestamp is 406f3067 (Sat Apr 03 23:45:11 2004)

 Preferred load address is 00400000

 Start         Length     Name                   Class
 0001:00000000 0003fbe3H .text                   CODE
 0002:00000000 00000244H .idata$5                DATA
 0002:00000248 00018587H .rdata                  DATA
 0002:000187d0 00000064H .idata$2                DATA
 0002:00018834 00000014H .idata$3                DATA
 0002:00018848 00000244H .idata$4                DATA
 0002:00018a8c 000008eeH .idata$6                DATA
 0002:0001937a 00000000H .edata                  DATA
 0003:00000000 00000004H .CRT$XCA                DATA
 0003:00000004 00000004H .CRT$XCZ                DATA
 0003:00000008 00000004H .CRT$XIA                DATA
 0003:0000000c 00000008H .CRT$XIC                DATA
 0003:00000014 00000004H .CRT$XIZ                DATA
 0003:00000018 00000004H .CRT$XPA                DATA
 0003:0000001c 00000004H .CRT$XPX                DATA
 0003:00000020 00000004H .CRT$XPZ                DATA
 0003:00000024 00000004H .CRT$XTA                DATA
 0003:00000028 00000004H .CRT$XTZ                DATA
 0003:00000030 000055a0H .data                   DATA
 0003:000055d0 000aa2a8H .bss                    DATA
 0004:00000000 00000130H .rsrc$01                DATA
 0004:00000130 00000860H .rsrc$02                DATA

  Address         Publics by Value              Rva+Base     Lib:Object

 0001:00002922       @AiCheckRoadFinished@4     00403922 f   ai.obj
 0001:00003a0d       @AiDoGameLoop@4            00404a0d f   ai.obj
 0001:00003c62       @DoCommandByTile@20        00404c62 f   command.obj
 0001:00003c86       @DoCommand@24              00404c86 f   command.obj
 0001:00003e7d       @CalculateCompanyValue@4   00404e7d f   economy.obj
 0001:00003f03       @DrawNewsBankrupcy@4       00404f03 f   economy.obj
 0001:0000407a       @GetNewsStringBankrupcy@4  0040507a f   economy.obj
 0001:0000415e       @StartupEconomy@0          0040515e f   economy.obj
 0001:000041f2       @SetupSubsidyDecodeParam@8 004051f2 f   economy.obj
 0001:0000437b       @DeleteSubsidyWithIndustry@4 0040537b f   economy.obj
 0001:000043b8       @DeleteSubsidyWithStation@4 004053b8 f   economy.obj
 0001:0000443d       @GetTransportedGoodsIncome@16 0040543d f   economy.obj
 0001:000044a5       @LoadUnloadVehicle@4       004054a5 f   economy.obj
 0001:000049e3       @PlayersMonthlyLoop@0      004059e3 f   economy.obj
 0001:0000549d       @CmdBuyShareInCompany@20   0040649d f   economy.obj
 0001:000055ed       @CmdSellShareInCompany@20  004065ed f   economy.obj
 0001:00005643       @CmdBuyCompany@20          00406643 f   economy.obj
 0001:000056bd       @DeleteCustomEngineNames@0 004066bd f   engine.obj
 0001:000056ea       @LoadCustomEngineNames@0   004066ea f   engine.obj
 0001:000056ff       @StartupEngines@0          004066ff f   engine.obj
 0001:000058ef       @AcceptEnginePreview@8     004068ef f   engine.obj
 0001:00005920       @EnginesDailyLoop@0        00406920 f   engine.obj
 0001:00005a37       @CmdWantEnginePreview@20   00406a37 f   engine.obj
 0001:00005a5c       @NewVehicleAvailable@4     00406a5c f   engine.obj
 0001:00005b53       @EnginesMonthlyLoop@0      00406b53 f   engine.obj
 0001:00005bc9       @CmdRenameEngine@20        00406bc9 f   engine.obj
 0001:00005c18       @GetPlayerMaxRailtype@4    00406c18 f   engine.obj
 0001:00005cc5       @FioGetPos@0               00406cc5 f   fileio.obj
 0001:00005cdd       @FioSeekTo@8               00406cdd f   fileio.obj
 0001:00005d14       @FioSeekToFile@4           00406d14 f   fileio.obj
 0001:00005d32       @FioReadByte@0             00406d32 f   fileio.obj
 0001:00005d74       @FioSkipBytes@4            00406d74 f   fileio.obj
 0001:00005d9c       @FioReadWord@0             00406d9c f   fileio.obj
 0001:00005db4       @FioReadDword@0            00406db4 f   fileio.obj
 0001:00005dcc       @FioReadBlock@8            00406dcc f   fileio.obj
 0001:00005dfb       @FioOpenFile@8             00406dfb f   fileio.obj
 0001:00005e30       @GfxScroll@24              00406e30 f   gfx.obj
 0001:00005f4d       @GfxFillRect@20            00406f4d f   gfx.obj
 0001:00006097       @GfxSetPixel@12            00407097 f   gfx.obj
 0001:000060c4       @GfxDrawLine@20            004070c4 f   gfx.obj
 0001:000061d8       @DrawString@16             004071d8 f   gfx.obj
 0001:00006203       @DrawStringRightAligned@16 00407203 f   gfx.obj
 0001:00006237       @DrawStringCentered@16     00407237 f   gfx.obj
 0001:00006276       @DrawStringCenterUnderline@16 00407276 f   gfx.obj
 0001:000062ac       @FormatStringLinebreaks@8  004072ac f   gfx.obj
 0001:00006328       @DrawStringMultiCenter@16  00407328 f   gfx.obj
 0001:000063ce       @DrawStringMultiLine@16    004073ce f   gfx.obj
 0001:00006466       @GetStringWidth@4          00407466 f   gfx.obj
 0001:000064b3       @DrawFrameRect@24          004074b3 f   gfx.obj
 0001:000065f6       @DoDrawString@16           004075f6 f   gfx.obj
 0001:000067d1       @DrawSprite@12             004077d1 f   gfx.obj
 0001:0000754b       @GfxInitPalettes@0         0040854b f   gfx.obj
 0001:00007572       @DoPaletteAnimations@0     00408572 f   gfx.obj
 0001:00007767       @LoadStringWidthTable@0    00408767 f   gfx.obj
 0001:000077fa       @ScreenSizeChanged@0       004087fa f   gfx.obj
 0001:00007826       @UndrawMouseCursor@0       00408826 f   gfx.obj
 0001:000078bf       @DrawMouseCursor@0         004088bf f   gfx.obj
 0001:000079c7       @RedrawScreenRect@16       004089c7 f   gfx.obj
 0001:00007a37       @DrawDirtyBlocks@0         00408a37 f   gfx.obj
 0001:00007b56       @SetDirtyBlocks@16         00408b56 f   gfx.obj
 0001:00007bf6       @MarkWholeScreenDirty@0    00408bf6 f   gfx.obj
 0001:00007c0c       @FillDrawPixelInfo@24      00408c0c f   gfx.obj
 0001:00007c93       @CursorTick@0              00408c93 f   gfx.obj
 0001:00007d26       @SetMouseCursor@4          00408d26 f   gfx.obj
 0001:00007d32       @SetAnimatedMouseCursor@4  00408d32 f   gfx.obj
 0001:00007d44       @ChangeResInGame@8         00408d44 f   gfx.obj
 0001:00007d7d       @GetTileSlope@8            00408d7d f   landscape.obj
 0001:00007e21       @GetTileZ@4                00408e21 f   landscape.obj
 0001:00007e32       @FindLandscapeHeightByTile@8 00408e32 f   landscape.obj
 0001:00007e84       @FindLandscapeHeight@12    00408e84 f   landscape.obj
 0001:00007ec8       @GetPartialZ@12            00408ec8 f   landscape.obj
 0001:00007fa5       @GetSlopeZ@8               00408fa5 f   landscape.obj
 0001:00007fca       @DoClearSquare@4           00408fca f   landscape.obj
 0001:00007fe8       @GetTileTrackStatus@8      00408fe8 f   landscape.obj
 0001:00007ffc       @ChangeTileOwner@12        00408ffc f   landscape.obj
 0001:00008017       @GetAcceptedCargo@8        00409017 f   landscape.obj
 0001:0000803c       @AnimateTile@4             0040903c f   landscape.obj
 0001:00008050       @ClickTile@4               00409050 f   landscape.obj
 0001:00008064       @DrawTile@4                00409064 f   landscape.obj
 0001:00008070       @GetTileDesc@8             00409070 f   landscape.obj
 0001:00008084       @CmdLandscapeClear@20      00409084 f   landscape.obj
 0001:000080ac       _ModifyTile                004090ac f   landscape.obj
 0001:0000815e       @SetMapExtraBits@8         0040915e f   landscape.obj
 0001:00008182       @GetMapExtraBits@4         00409182 f   landscape.obj
 0001:00008199       @RunTileLoop@0             00409199 f   landscape.obj
 0001:000081f1       @InitializeLandscape@0     004091f1 f   landscape.obj
 0001:0000826a       @ConvertGroundTilesIntoWaterTiles@0 0040926a f   landscape.obj
 0001:000082b6       @GenerateLandscape@0       004092b6 f   landscape.obj
 0001:000085cf       @CallLandscapeTick@0       004095cf f   landscape.obj
 0001:000085ed       @AdjustTileCoordRandomly@8 004095ed f   landscape.obj
 0001:0000862e       @TileAddWrap@8             0040962e f   landscape.obj
 0001:00008642       @IsValidTile@4             00409642 f   landscape.obj
 0001:00008656       _lzo_adler32               00409656 f   minilzo.obj
 0001:0000875f       _lzo1x_1_compress          0040975f f   minilzo.obj
 0001:00008b1b       _lzo1x_decompress          00409b1b f   minilzo.obj
 0001:00008d23       @Random@0                  00409d23 f   misc.obj
 0001:00008d58       @RandomRange@4             00409d58 f   misc.obj
 0001:00008d6b       @InteractiveRandom@0       00409d6b f   misc.obj
 0001:00008d9c       @memswap@12                00409d9c f   misc.obj
 0001:00008e02       @SetupDateTime@0           00409e02 f   misc.obj
 0001:00008e47       @InitializeGame@0          00409e47 f   misc.obj
 0001:00008ed9       @GenerateWorld@4           00409ed9 f   misc.obj
 0001:00008f53       @DeleteName@4              00409f53 f   misc.obj
 0001:00008f7a       @GetName@8                 00409f7a f   misc.obj
 0001:00008fc8       @InitializeNameMgr@0       00409fc8 f   misc.obj
 0001:00008fd9       @AllocateName@8            00409fd9 f   misc.obj
 0001:00009082       @ConvertDayToYMD@8         0040a082 f   misc.obj
 0001:000090c6       @InitializeLandscapeVariables@4 0040a0c6 f   misc.obj
 0001:000091c8       @GetTileDist@8             0040a1c8 f   misc.obj
 0001:000091eb       @GetTileDist1D@8           0040a1eb f   misc.obj
 0001:00009212       @GetTileDist1Db@8          0040a212 f   misc.obj
 0001:0000923f       @GetTileDistAdv@8          0040a23f f   misc.obj
 0001:0000926a       @CheckDistanceFromEdge@8   0040a26a f   misc.obj
 0001:00009292       @HandleClickOnSpecialVeh@4 0040a292 f   misc.obj
 0001:00009292       @OnNewDay_EffectVehicle@4  0040a292 f   misc.obj
 0001:00009292       @HandleClickOnDisasterVeh@4 0040a292 f   misc.obj
 0001:00009292       @OnNewDay_DisasterVehicle@4 0040a292 f   misc.obj
 0001:00009293       @IncreaseDate@0            0040a293 f   misc.obj
 0001:000093ee       @FindFirstBit@4            0040a3ee f   misc.obj
 0001:00009806       @NetworkSend@24            0040a806 f   network.obj
 0001:000098c4       @HandlePacket@4            0040a8c4 f   network.obj
 0001:00009929       @NetworkPoll@0             0040a929 f   network.obj
 0001:00009a41       @RecorderPoll@0            0040aa41 f   network.obj
 0001:00009ab3       @NetworkConnect@8          0040aab3 f   network.obj
 0001:00009b1a       @NetworkListen@4           0040ab1a f   network.obj
 0001:00009baf       @NetworkInitialize@0       0040abaf f   network.obj
 0001:00009bd6       @FixGameDifficulty@8       0040abd6 f   oldloader.obj
 0001:00009c4c       @LoadOldSaveGame@4         0040ac4c f   oldloader.obj
 0001:0000aabb       @TPFMode2@12               0040babb f   pathfind.obj
 0001:0000abaa       @FindLengthOfTunnel@12     0040bbaa f   pathfind.obj
 0001:0000ac48       @SkipToEndOfTunnel@12      0040bc48 f   pathfind.obj
 0001:0000ad8f       @TPFMode1@12               0040bd8f f   pathfind.obj
 0001:0000af62       @FollowTrack@24            0040bf62 f   pathfind.obj
 0001:0000b023       @DrawPlayerFace@16         0040c023 f   players.obj
 0001:0000b337       @InvalidatePlayerWindows@4 0040c337 f   players.obj
 0001:0000b358       @CheckPlayerHasMoney@4     0040c358 f   players.obj
 0001:0000b38b       @SubtractMoneyFromPlayer@4 0040c38b f   players.obj
 0001:0000b402       @SubtractMoneyFromPlayerFract@8 0040c402 f   players.obj
 0001:0000b430       @UpdatePlayerMoney32@4     0040c430 f   players.obj
 0001:0000b466       @GetNameOfOwner@4          0040c466 f   players.obj
 0001:0000b4bc       @CheckOwnership@4          0040c4bc f   players.obj
 0001:0000b4d8       @DoStartupNewPlayer@4      0040c4d8 f   players.obj
 0001:0000b781       @StartupPlayers@0          0040c781 f   players.obj
 0001:0000b79f       @InitializePlayers@0       0040c79f f   players.obj
 0001:0000b7c5       @OnTick_Players@0          0040c7c5 f   players.obj
 0001:0000b961       @RunOtherPlayersLoop@0     0040c961 f   players.obj
 0001:0000b9a2       @GetPlayerNameString@4     0040c9a2 f   players.obj
 0001:0000b9c1       @PlayersYearlyLoop@0       0040c9c1 f   players.obj
 0001:0000bb5d       @SlReadByte@0              0040cb5d f   saveload.obj
 0001:0000bba2       @SlWriteByte@4             0040cba2 f   saveload.obj
 0001:0000bba8       @SlReadUint16@0            0040cba8 f   saveload.obj
 0001:0000bbbc       @SlReadUint32@0            0040cbbc f   saveload.obj
 0001:0000bbd0       @SlReadUint64@0            0040cbd0 f   saveload.obj
 0001:0000bbe7       @SlWriteUint16@4           0040cbe7 f   saveload.obj
 0001:0000bbfc       @SlWriteUint32@4           0040cbfc f   saveload.obj
 0001:0000bc0f       @SlWriteUint64@8           0040cc0f f   saveload.obj
 0001:0000bc24       @SlSetArrayIndex@4         0040cc24 f   saveload.obj
 0001:0000bc32       @SlIterateArray@0          0040cc32 f   saveload.obj
 0001:0000bcbe       @SlSetLength@4             0040ccbe f   saveload.obj
 0001:0000bd5f       @SlCopyBytes@8             0040cd5f f   saveload.obj
 0001:0000bdad       @SlGetFieldLength@0        0040cdad f   saveload.obj
 0001:0000bdb3       @SlArray@12                0040cdb3 f   saveload.obj
 0001:0000bfcd       @SlObject@8                0040cfcd f   saveload.obj
 0001:0000c16e       @SlGlobList@4              0040d16e f   saveload.obj
 0001:0000c1c7       @SlAutolength@8            0040d1c7 f   saveload.obj
 0001:0000c201       @SlSaveChunks@0            0040d201 f   saveload.obj
 0001:0000c2b6       @SlLoadChunks@0            0040d2b6 f   saveload.obj
 0001:0000c35e       @ReferenceToInt@8          0040d35e f   saveload.obj
 0001:0000c37c       @IntToReference@8          0040d37c f   saveload.obj
 0001:0000c415       @SaveOrLoad@8              0040d415 f   saveload.obj
 0001:0000c78e       @DoTestSave@0              0040d78e f   saveload.obj
 0001:0000c79b       @DoTestLoad@0              0040d79b f   saveload.obj
 0001:0000c7a7       @EmergencySave@0           0040d7a7 f   saveload.obj
 0001:0000c7b7       @CurrentScreenCallback@20  0040d7b7 f   screenshot.obj
 0001:0000c7e6       @LargeWorldCallback@20     0040d7e6 f   screenshot.obj
 0001:0000c88c       @MakeScreenshot@0          0040d88c f   screenshot.obj
 0001:0000cac5       @MakeWorldScreenshot@20    0040dac5 f   screenshot.obj
 0001:0000cb1d       @LoadFromConfig@0          0040db1d f   settings.obj
 0001:0000d400       @SaveToConfig@0            0040e400 f   settings.obj
 0001:0000d7f8       @MxMixSamples@12           0040e7f8 f   sound.obj
 0001:0000d8ef       @MxInitialize@8            0040e8ef f   sound.obj
 0001:0000d9f1       @SndPlayScreenCoordFx@12   0040e9f1 f   sound.obj
 0001:0000db91       @SndPlayTileFx@8           0040eb91 f   sound.obj
 0001:0000dbcd       @SndPlayVehicleFx@8        0040ebcd f   sound.obj
 0001:0000dbf0       @SndPlayFx@4               0040ebf0 f   sound.obj
 0001:0000dc15       @IncreaseSpriteLRU@0       0040ec15 f   spritecache.obj
 0001:0000dd49       @GetSpritePtr@4            0040ed49 f   spritecache.obj
 0001:0000df3a       @GfxInitSpriteMem@8        0040ef3a f   spritecache.obj
 0001:0000df61       @GfxLoadSprites@0          0040ef61 f   spritecache.obj
 0001:0000e245       @GetSpriteDimension@4      0040f245 f   spritecache.obj
 0001:0000e282       @GetMaskOfAllowedCurrencies@0 0040f282 f   strings.obj
 0001:0000e2c3       @GetString@8               0040f2c3 f   strings.obj
 0001:0000e39b       @InjectDparam@4            0040f39b f   strings.obj
 0001:0000e3bb       @GetParamInt32@0           0040f3bb f   strings.obj
 0001:0000e3d4       @GetParamInt64@0           0040f3d4 f   strings.obj
 0001:0000e405       @GetParamInt16@0           0040f405 f   strings.obj
 0001:0000e420       @GetParamInt8@0            0040f420 f   strings.obj
 0001:0000e43b       @GetParamUint16@0          0040f43b f   strings.obj
 0001:0000eb47       @RemapOldStringID@4        0040fb47 f   strings.obj
 0001:0000ebb7       @ReadLanguagePack@4        0040fbb7 f   strings.obj
 0001:0000ecd4       @InitializeLanguagePacks@0 0040fcd4 f   strings.obj
 0001:0000ee54       @AddTextEffect@16          0040fe54 f   texteff.obj
 0001:0000ef0e       @MoveAllTextEffects@0      0040ff0e f   texteff.obj
 0001:0000ef54       @InitTextEffects@0         0040ff54 f   texteff.obj
 0001:0000ef69       @DrawTextEffects@4         0040ff69 f   texteff.obj
 0001:0000f046       @DeleteAnimatedTile@4      00410046 f   texteff.obj
 0001:0000f08b       @AddAnimatedTile@4         0041008b f   texteff.obj
 0001:0000f0b4       @AnimateAnimatedTiles@0    004100b4 f   texteff.obj
 0001:0000f0d2       @InitializeAnimatedTiles@0 004100d2 f   texteff.obj
 0001:0000f0f5       _error                     004100f5 f   ttd.obj
 0001:0000f132       _debug                     00410132 f   ttd.obj
 0001:0000f169       _ShowInfoF                 00410169 f   ttd.obj
 0001:0000f1fd       @ttd_strlcpy@12            004101fd f   ttd.obj
 0001:0000f215       @strecpy@8                 00410215 f   ttd.obj
 0001:0000f223       @ReadFileToMem@12          00410223 f   ttd.obj
 0001:0000f2b8       @LoadDriver@8              004102b8 f   ttd.obj
 0001:0000f3f1       @GetDriverParam@8          004103f1 f   ttd.obj
 0001:0000f43e       @GetDriverParamInt@12      0041043e f   ttd.obj
 0001:0000f457       @SetDebugString@4          00410457 f   ttd.obj
 0001:0000f516       @ParseResolution@8         00410516 f   ttd.obj
 0001:0000f567       @ttd_main@8                00410567 f   ttd.obj
 0001:0000f96d       @StateGameLoop@0           0041096d f   ttd.obj
 0001:0000f9cd       @GameLoop@0                004109cd f   ttd.obj
 0001:0000fcaf       @BeforeSaveGame@0          00410caf f   ttd.obj
 0001:0000fcd9       @AfterLoadGame@0           00410cd9 f   ttd.obj
 0001:0000fd97       @DebugProc@4               00410d97 f   ttd.obj
 0001:0000fdbe       @PauseGame@0               00410dbe f   ttd.obj
 0001:0000fdce       @UnpauseGame@0             00410dce f   ttd.obj
 0001:0000fdde       @VehicleInTheWayErrMsg@4   00410dde f   vehicle.obj
 0001:0000fe08       @EnsureNoVehicle@4         00410e08 f   vehicle.obj
 0001:0000fe32       @FindVehicleBetween@12     00410e32 f   vehicle.obj
 0001:0000febf       @VehiclePositionChanged@4  00410ebf f   vehicle.obj
 0001:0000ff3a       @UpdateCheckpointSign@4    00410f3a f   vehicle.obj
 0001:0000ff8e       @RedrawCheckpointSign@4    00410f8e f   vehicle.obj
 0001:0000ffae       @AfterLoadVehicles@0       00410fae f   vehicle.obj
 0001:0000fff0       @ForceAllocateSpecialVehicle@0 00410ff0 f   vehicle.obj
 0001:0001003d       @ForceAllocateVehicle@0    0041103d f   vehicle.obj
 0001:0001005a       @AllocateVehicle@0         0041105a f   vehicle.obj
 0001:00010094       @VehicleFromPos@12         00411094 f   vehicle.obj
 0001:00010147       @UpdateVehiclePosHash@12   00411147 f   vehicle.obj
 0001:000101ed       @InitializeVehicles@0      004111ed f   vehicle.obj
 0001:00010241       @GetLastVehicleInChain@4   00411241 f   vehicle.obj
 0001:0001025c       @GetPrevVehicleInChain@4   0041125c f   vehicle.obj
 0001:0001027d       @GetFirstVehicleInChain@4  0041127d f   vehicle.obj
 0001:0001029f       @AllocateDepot@0           0041129f f   vehicle.obj
 0001:000102eb       @AllocateCheckpoint@0      004112eb f   vehicle.obj
 0001:00010303       @GetCheckpointByTile@4     00411303 f   vehicle.obj
 0001:0001031d       @IsScheduleShared@4        0041131d f   vehicle.obj
 0001:00010340       @DeleteVehicleSchedule@4   00411340 f   vehicle.obj
 0001:000103ab       @DeleteCommandFromVehicleSchedule@4 004113ab f   vehicle.obj
 0001:00010441       @DoDeleteDepot@4           00411441 f   vehicle.obj
 0001:0001047e       @DeleteVehicle@4           0041147e f   vehicle.obj
 0001:000104af       @CallVehicleTicks@0        004114af f   vehicle.obj
 0001:000104d4       @CanFillVehicle@4          004114d4 f   vehicle.obj
 0001:000105af       @ViewportAddVehicles@4     004115af f   vehicle.obj
 0001:00010ba6       @CreateEffectVehicle@16    00411ba6 f   vehicle.obj
 0001:00010c13       @CreateEffectVehicleAbove@16 00411c13 f   vehicle.obj
 0001:00010c38       @CreateEffectVehicleRel@20 00411c38 f   vehicle.obj
 0001:00010c5d       @EffectVehicle_Tick@4      00411c5d f   vehicle.obj
 0001:00010c68       @CheckClickOnVehicle@12    00411c68 f   vehicle.obj
 0001:00010d2c       @DecreaseVehicleValue@4    00411d2c f   vehicle.obj
 0001:00010d44       @CheckVehicleBreakdown@4   00411d44 f   vehicle.obj
 0001:00010e09       @AgeVehicle@4              00411e09 f   vehicle.obj
 0001:00010ee6       @CmdNameVehicle@20         00411ee6 f   vehicle.obj
 0001:00010f40       @BeginVehicleMove@4        00411f40 f   vehicle.obj
 0001:00010f65       @EndVehicleMove@4          00411f65 f   vehicle.obj
 0001:00010fb7       @InvalidateVehicleOrderWidget@4 00411fb7 f   vehicle.obj
 0001:00010fd6       @GetNewVehiclePos@8        00411fd6 f   vehicle.obj
 0001:0001101b       @GetDirectionTowards@12    0041201b f   vehicle.obj
 0001:00011060       @VehicleEnterTile@16       00412060 f   vehicle.obj
 0001:000110c2       @GetFreeUnitNumber@4       004120c2 f   vehicle.obj
 0001:0001122d       @MapXYZToViewport@16       0041222d f   viewport.obj
 0001:00011256       @AssignWindowViewport@28   00412256 f   viewport.obj
 0001:00011324       @SetViewportPosition@12    00412324 f   viewport.obj
 0001:0001156d       @IsPtInWindowViewport@12   0041256d f   viewport.obj
 0001:0001158c       @TranslateXYToTileCoord@12 0041258c f   viewport.obj
 0001:0001162c       @GetTileBelowCursor@0      0041262c f   viewport.obj
 0001:0001166e       @GetTileZoomCenter@4       0041266e f   viewport.obj
 0001:000116a9       @DrawGroundSpriteAt@16     004126a9 f   viewport.obj
 0001:000116fb       @DrawGroundSprite@4        004126fb f   viewport.obj
 0001:00011726       @OffsetGroundSprite@8      00412726 f   viewport.obj
 0001:00011736       @OffsetGroundSpriteEnd@0   00412736 f   viewport.obj
 0001:00011740       @AddSortableSpriteToDraw@28 00412740 f   viewport.obj
 0001:000118fc       @StartSpriteCombine@0      004128fc f   viewport.obj
 0001:00011906       @EndSpriteCombine@0        00412906 f   viewport.obj
 0001:00011910       @AddChildSpriteScreen@12   00412910 f   viewport.obj
 0001:0001195b       @AddStringToDraw@20        0041295b f   viewport.obj
 0001:000119b6       @ViewportAddLandscape@0    004129b6 f   viewport.obj
 0001:00011c03       @ViewportAddCityNames@4    00412c03 f   viewport.obj
 0001:00011d71       @ViewportAddStationNames@4 00412d71 f   viewport.obj
 0001:00011f75       @ViewportAddSigns@4        00412f75 f   viewport.obj
 0001:000120fc       @ViewportAddCheckpoints@4  004130fc f   viewport.obj
 0001:000122d5       @UpdateViewportSignPos@16  004132d5 f   viewport.obj
 0001:00012330       @ViewportDrawTileSprites@4 00413330 f   viewport.obj
 0001:0001235c       @ViewportSortParentSprites@4 0041335c f   viewport.obj
 0001:000123db       @ViewportDrawParentSprites@4 004133db f   viewport.obj
 0001:00012439       @ViewportDrawStrings@8     00413439 f   viewport.obj
 0001:0001250f       @ViewportDoDraw@20         0041350f f   viewport.obj
 0001:00012658       @DrawWindowViewport@4      00413658 f   viewport.obj
 0001:000127a1       @UpdateViewportPosition@4  004137a1 f   viewport.obj
 0001:00012860       @MarkViewportDirty@20      00413860 f   viewport.obj
 0001:000128ca       @MarkAllViewportsDirty@16  004138ca f   viewport.obj
 0001:00012905       @MarkTileDirtyByTile@4     00413905 f   viewport.obj
 0001:00012942       @MarkTileDirty@8           00413942 f   viewport.obj
 0001:00012989       @SetSelectionTilesDirty@0  00413989 f   viewport.obj
 0001:000129e5       @HandleViewportClicked@12  004139e5 f   viewport.obj
 0001:00012ebd       @PlaceObject@0             00413ebd f   viewport.obj
 0001:00012f12       @ScrollMainWindowTo@8      00413f12 f   viewport.obj
 0001:00012f65       @ScrollMainWindowToTile@4  00413f65 f   viewport.obj
 0001:00012f79       @SetRedErrorSquare@4       00413f79 f   viewport.obj
 0001:00012fa5       @SetTileSelectSize@8       00413fa5 f   viewport.obj
 0001:00012fbd       @SetTileSelectBigSize@16   00413fbd f   viewport.obj
 0001:00012fe5       @UpdateTileSelection@0     00413fe5 f   viewport.obj
 0001:000130d8       @VpStartPlaceSizing@8      004140d8 f   viewport.obj
 0001:00013108       @VpSetPresizeRange@8       00414108 f   viewport.obj
 0001:00013138       @VpStartPreSizing@0        00414138 f   viewport.obj
 0001:00013147       @VpSelectTilesWithMethod@12 00414147 f   viewport.obj
 0001:000132ad       @VpHandlePlaceSizingDrag@0 004142ad f   viewport.obj
 0001:0001333f       @SetObjectToPlaceWnd@12    0041433f f   viewport.obj
 0001:00013356       @SetObjectToPlace@16       00414356 f   viewport.obj
 0001:000133ea       @ResetObjectToPlace@0      004143ea f   viewport.obj
 0001:0001349a       @InitDirectMusic@0         0041449a f   w32dm2.obj
 0001:0001357e       @ReleaseSegment@0          0041457e f   w32dm2.obj
 0001:00013595       @LoadMIDI@8                00414595 f   w32dm2.obj
 0001:000136e1       @PlaySegment@0             004146e1 f   w32dm2.obj
 0001:00013712       @StopSegment@0             00414712 f   w32dm2.obj
 0001:00013749       @IsSegmentPlaying@0        00414749 f   w32dm2.obj
 0001:0001376e       @SetVolume@4               0041476e f   w32dm2.obj
 0001:000137b5       @ScrollbarClickHandler@16  004147b5 f   widget.obj
 0001:0001394b       @GetWidgetFromPos@12       0041494b f   widget.obj
 0001:0001399d       @DrawWindowWidgets@4       0041499d f   widget.obj
 0001:00015288       @LoadLibraryList@8         00416288 f   win32.obj
 0001:000152cc       @ShowWin32ErrorBox@4       004162cc f   win32.obj
 0001:000152fa       @FiosGetSavegameList@8     004162fa f   win32.obj
 0001:000155e2       @FiosFreeSavegameList@0    004165e2 f   win32.obj
 0001:00015600       @FiosBrowseTo@4            00416600 f   win32.obj
 0001:000156bd       @FiosGetDescText@4         004166bd f   win32.obj
 0001:0001571b       @FiosMakeSavegameName@8    0041671b f   win32.obj
 0001:00015731       @FiosDelete@4              00416731 f   win32.obj
 0001:00015749       @FileExists@4              00416749 f   win32.obj
 0001:0001576b       @GetLanguageList@8         0041676b f   win32.obj
 0001:0001581d       @rdtsc@0                   0041681d f   win32.obj
 0001:00015820       @CreateConsole@0           00416820 f   win32.obj
 0001:00015915       @ShowInfo@4                00416915 f   win32.obj
 0001:00015970       _WinMain@16                00416970 f   win32.obj
 0001:0001639a       @HandleButtonClick@8       0041739a f   window.obj
 0001:000163b2       @DispatchLeftClickEvent@12 004173b2 f   window.obj
 0001:00016479       @DispatchRightClickEvent@12 00417479 f   window.obj
 0001:000164ce       @DrawOverlappedWindowForAll@16 004174ce f   window.obj
 0001:0001653b       @DrawOverlappedWindow@20   0041753b f   window.obj
 0001:00016629       @CallWindowEventNP@8       00417629 f   window.obj
 0001:0001663a       @SetWindowDirty@4          0041763a f   window.obj
 0001:0001665a       @DeleteWindow@4            0041765a f   window.obj
 0001:000166fd       @FindWindowById@8          004176fd f   window.obj
 0001:00016723       @DeleteWindowById@8        00417723 f   window.obj
 0001:0001672f       @BringWindowToFrontById@8  0041772f f   window.obj
 0001:00016751       @BringWindowToFront@4      00417751 f   window.obj
 0001:0001679b       @AllocateWindow@28         0041779b f   window.obj
 0001:000168a2       @GetAutoPlacePosition@8    004178a2 f   window.obj
 0001:00016b9d       @AllocateWindowDescFront@8 00417b9d f   window.obj
 0001:00016bc1       @AllocateWindowDesc@4      00417bc1 f   window.obj
 0001:00016c7e       @FindWindowFromPt@8        00417c7e f   window.obj
 0001:00016cac       @InitWindowSystem@0        00417cac f   window.obj
 0001:00016cd7       @DecreaseWindowCounters@0  00417cd7 f   window.obj
 0001:00016d42       @GetCallbackWnd@0          00417d42 f   window.obj
 0001:00016d53       @HandlePlacePresize@0      00417d53 f   window.obj
 0001:00016da3       @HandleDragDrop@0          00417da3 f   window.obj
 0001:00016e00       @HandlePopupMenu@0         00417e00 f   window.obj
 0001:00016e5f       @HandleWindowDragging@0    00417e5f f   window.obj
 0001:00016f0c       @StartWindowDrag@4         00417f0c f   window.obj
 0001:00016f40       @HandleScrollbarScrolling@0 00417f40 f   window.obj
 0001:00016ff2       @HandleViewportScroll@0    00417ff2 f   window.obj
 0001:0001711e       @MouseLoop@0               0041811e f   window.obj
 0001:000173ce       @UpdateWindows@0           004183ce f   window.obj
 0001:00017459       @GetMenuItemIndex@12       00418459 f   window.obj
 0001:00017487       @InvalidateWindow@8        00418487 f   window.obj
 0001:000174bf       @InvalidateWidget@8        004184bf f   window.obj
 0001:000174f6       @InvalidateWindowWidget@12 004184f6 f   window.obj
 0001:00017534       @InvalidateWindowClasses@4 00418534 f   window.obj
 0001:00017561       @CallWindowTickEvent@0     00418561 f   window.obj
 0001:00017584       @DeleteNonVitalWindows@0   00418584 f   window.obj
 0001:000175c5       @RelocateAllWindows@8      004185c5 f   window.obj
 0001:000180fa       @ShowAircraftViewWindow@4  004190fa f   aircraft_gui.obj
 0001:00018512       @ShowAircraftDepotWindow@4 00419512 f   aircraft_gui.obj
 0001:000187e3       @ShowPlayerAircraft@4      004197e3 f   aircraft_gui.obj
 0001:000188f6       @ShowBuildAirToolbar@0     004198f6 f   airport_gui.obj
 0001:00018a46       @InitializeAirportGui@0    00419a46 f   airport_gui.obj
 0001:00018b6c       @ShowBuildBridgeWindow@12  00419b6c f   bridge_gui.obj
 0001:00018e36       @ShowBuildDocksToolbar@0   00419e36 f   dock_gui.obj
 0001:00018f5e       @InitializeDockGui@0       00419f5e f   dock_gui.obj
 0001:00018f66       @GetEngineCategoryName@4   00419f66 f   engine_gui.obj
 0001:00019067       @ShowEnginePreviewWindow@4 0041a067 f   engine_gui.obj
 0001:0001907a       @DrawNewsNewTrainAvail@4   0041a07a f   engine_gui.obj
 0001:0001912b       @GetNewsStringNewTrainAvail@4 0041a12b f   engine_gui.obj
 0001:00019157       @DrawNewsNewAircraftAvail@4 0041a157 f   engine_gui.obj
 0001:000191fb       @GetNewsStringNewAircraftAvail@4 0041a1fb f   engine_gui.obj
 0001:0001921a       @DrawNewsNewRoadVehAvail@4 0041a21a f   engine_gui.obj
 0001:000192be       @GetNewsStringNewRoadVehAvail@4 0041a2be f   engine_gui.obj
 0001:000192dd       @DrawNewsNewShipAvail@4    0041a2dd f   engine_gui.obj
 0001:00019381       @GetNewsStringNewShipAvail@4 0041a381 f   engine_gui.obj
 0001:000193a0       @DrawGraph@4               0041a3a0 f   graph_gui.obj
 0001:000196c5       @DrawPlayerIcon@12         0041a6c5 f   graph_gui.obj
 0001:000199be       @ShowOperatingProfitGraph@0 0041a9be f   graph_gui.obj
 0001:00019aef       @ShowIncomeGraph@0         0041aaef f   graph_gui.obj
 0001:00019c20       @ShowDeliveredCargoGraph@0 0041ac20 f   graph_gui.obj
 0001:00019d51       @ShowPerformanceHistoryGraph@0 0041ad51 f   graph_gui.obj
 0001:00019e82       @ShowCompanyValueGraph@0   0041ae82 f   graph_gui.obj
 0001:0001a053       @ShowCargoPaymentRates@0   0041b053 f   graph_gui.obj
 0001:0001a172       @ShowCompanyLeagueTable@0  0041b172 f   graph_gui.obj
 0001:0001a267       @ShowBuildIndustryWindow@0 0041b267 f   industry_gui.obj
 0001:0001a413       @ShowIndustryViewWindow@4  0041b413 f   industry_gui.obj
 0001:0001a577       @ShowSelectGameWindow@0    0041b577 f   intro_gui.obj
 0001:0001a5d1       @CmdStartNewGame@20        0041b5d1 f   intro_gui.obj
 0001:0001a61d       @CmdGenRandomNewGame@20    0041b61d f   intro_gui.obj
 0001:0001a630       @CmdLoadGame@20            0041b630 f   intro_gui.obj
 0001:0001a635       @CmdCreateScenario@20      0041b635 f   intro_gui.obj
 0001:0001a648       @CmdSetSinglePlayer@20     0041b648 f   intro_gui.obj
 0001:0001a6b8       @AskExitGame@0             0041b6b8 f   intro_gui.obj
 0001:0001a6c9       @CmdQuitGame@20            0041b6c9 f   intro_gui.obj
 0001:0001a777       @CmdExitToGameMenu@20      0041b777 f   intro_gui.obj
 0001:0001a7bc       @CmdSetNewLandscapeType@20 0041b7bc f   intro_gui.obj
 0001:0001a7d8       @HandlePlacePushButton@20  0041b7d8 f   main_gui.obj
 0001:0001a84f       @MenuClickSettings@4       0041b84f f   main_gui.obj
 0001:0001a8d9       @MenuClickSaveLoad@4       0041b8d9 f   main_gui.obj
 0001:0001a92a       @MenuClickMap@4            0041b92a f   main_gui.obj
 0001:0001a934       @MenuClickTown@4           0041b934 f   main_gui.obj
 0001:0001a939       @MenuClickScenMap@4        0041b939 f   main_gui.obj
 0001:0001a94c       @MenuClickSubsidies@4      0041b94c f   main_gui.obj
 0001:0001a951       @MenuClickStations@4       0041b951 f   main_gui.obj
 0001:0001a956       @MenuClickFinances@4       0041b956 f   main_gui.obj
 0001:0001a95b       @MenuClickCompany@4        0041b95b f   main_gui.obj
 0001:0001a960       @MenuClickGraphs@4         0041b960 f   main_gui.obj
 0001:0001a993       @MenuClickLeague@4         0041b993 f   main_gui.obj
 0001:0001a998       @MenuClickIndustry@4       0041b998 f   main_gui.obj
 0001:0001a99d       @MenuClickShowTrains@4     0041b99d f   main_gui.obj
 0001:0001a9a2       @MenuClickShowRoad@4       0041b9a2 f   main_gui.obj
 0001:0001a9a7       @MenuClickShowShips@4      0041b9a7 f   main_gui.obj
 0001:0001a9ac       @MenuClickShowAir@4        0041b9ac f   main_gui.obj
 0001:0001a9b1       @MenuClickBuildRail@4      0041b9b1 f   main_gui.obj
 0001:0001a9bc       @MenuClickBuildRoad@4      0041b9bc f   main_gui.obj
 0001:0001a9c1       @MenuClickBuildWater@4     0041b9c1 f   main_gui.obj
 0001:0001a9c6       @MenuClickBuildAir@4       0041b9c6 f   main_gui.obj
 0001:0001a9cb       @ShowRenameSignWindow@4    0041b9cb f   main_gui.obj
 0001:0001a9fe       @ShowRenameCheckpointWindow@4 0041b9fe f   main_gui.obj
 0001:0001aa37       @MenuClickForest@4         0041ba37 f   main_gui.obj
 0001:0001aa95       @MenuClickMusicWindow@4    0041ba95 f   main_gui.obj
 0001:0001aa9a       @MenuClickNewspaper@4      0041ba9a f   main_gui.obj
 0001:0001aaad       @MenuClickHelp@4           0041baad f   main_gui.obj
 0001:0001b014       @DoZoomInOut@4             0041c014 f   main_gui.obj
 0001:0001b395       @ZoomInOrOutToCursor@4     0041c395 f   main_gui.obj
 0001:0001b3e0       @ResetLandscape@0          0041c3e0 f   main_gui.obj
 0001:0001b450       @PlaceProc_RaiseBigLand@4  0041c450 f   main_gui.obj
 0001:0001b59a       @PlaceProc_LowerBigLand@4  0041c59a f   main_gui.obj
 0001:0001b5a1       @PlaceProc_RockyArea@4     0041c5a1 f   main_gui.obj
 0001:0001b5d1       @PlaceProc_LightHouse@4    0041c5d1 f   main_gui.obj
 0001:0001b60d       @PlaceProc_Transmitter@4   0041c60d f   main_gui.obj
 0001:0001b649       @PlaceProc_Desert@4        0041c649 f   main_gui.obj
 0001:0001b844       @PlaceProc_Town@4          0041c844 f   main_gui.obj
 0001:0001be62       @StatusBarWndProc@8        0041ce62 f   main_gui.obj
 0001:0001c08c       @SetupColorsAndInitialWindow@0 0041d08c f   main_gui.obj
 0001:0001c45b       @GameSizeChanged@0         0041d45b f   main_gui.obj
 0001:0001c5d4       @PlaceLandBlockInfo@0      0041d5d4 f   misc_gui.obj
 0001:0001c6fd       @ShowAboutWindow@0         0041d6fd f   misc_gui.obj
 0001:0001c80c       @ShowBuildTreesToolbar@0   0041d80c f   misc_gui.obj
 0001:0001c820       @ShowBuildTreesScenToolbar@0 0041d820 f   misc_gui.obj
 0001:0001c82c       @ShowErrorMessage@16       0041d82c f   misc_gui.obj
 0001:0001cb6f       @ShowEstimatedCostOrIncome@12 0041db6f f   misc_gui.obj
 0001:0001cb97       @ShowCostOrIncomeAnimation@16 0041db97 f   misc_gui.obj
 0001:0001cbcf       @GuiShowTooltips@4         0041dbcf f   misc_gui.obj
 0001:0001cd0b       @DrawStationCoverageAreaText@12 0041dd0b f   misc_gui.obj
 0001:0001cdfa       @CheckRedrawStationCoverage@4 0041ddfa f   misc_gui.obj
 0001:0001ce32       @UnclickSomeWindowButtons@8 0041de32 f   misc_gui.obj
 0001:0001ce64       @UnclickWindowButtons@4    0041de64 f   misc_gui.obj
 0001:0001ce6c       @SetVScrollCount@8         0041de6c f   misc_gui.obj
 0001:0001ce85       @SetHScrollCount@8         0041de85 f   misc_gui.obj
 0001:0001d09d       @ShowQueryString@24        0041e09d f   misc_gui.obj
 0001:0001d3b3       @ShowSaveLoadDialog@4      0041e3b3 f   misc_gui.obj
 0001:0001d473       @RedrawAutosave@0          0041e473 f   misc_gui.obj
 0001:0001d484       @MusicLoop@0               0041e484 f   music_gui.obj
 0001:0001dbcb       @ShowMusicWindow@0         0041ebcb f   music_gui.obj
 0001:0001dbd7       @DrawNewsBorder@4          0041ebd7 f   news_gui.obj
 0001:0001de94       @AddNewsItem@16            0041ee94 f   news_gui.obj
 0001:0001df0a       @ExpireNewsItem@0          0041ef0a f   news_gui.obj
 0001:0001df28       @NewsLoop@0                0041ef28 f   news_gui.obj
 0001:0001e18f       @ShowLastNewsMessage@0     0041f18f f   news_gui.obj
 0001:0001e1d3       @InitNewsItemStructs@0     0041f1d3 f   news_gui.obj
 0001:0001e2a8       @ShowMessageOptions@0      0041f2a8 f   news_gui.obj
 0001:0001e2bc       @GetVehicleOnTile@8        0041f2bc f   order_gui.obj
 0001:0001e828       @ShowOrdersWindow@4        0041f828 f   order_gui.obj
 0001:0001eba8       @ShowPlayerFinances@4      0041fba8 f   player_gui.obj
 0001:0001f251       @ShowPlayerCompany@4       00420251 f   player_gui.obj
 0001:0001f324       @ShowBuyCompanyDialog@4    00420324 f   player_gui.obj
 0001:0001f330       @PlaceProc_Demolish@4      00420330 f   rail_gui.obj
 0001:0001f373       @PlaceProc_LowerLand@4     00420373 f   rail_gui.obj
 0001:0001f3e7       @PlaceProc_RaiseLand@4     004203e7 f   rail_gui.obj
 0001:0001f3ef       @PlaceProc_BuyLand@4       004203ef f   rail_gui.obj
 0001:0001f84e       @GetBestFit1x1@8           0042084e f   rail_gui.obj
 0001:0001fd44       @ShowBuildRailToolbar@4    00420d44 f   rail_gui.obj
 0001:0001ffad       @InitializeRailGui@0       00420fad f   rail_gui.obj
 0001:000204bc       @ShowBuildRoadToolbar@0    004214bc f   road_gui.obj
 0001:000204d0       @ShowBuildRoadScenToolbar@0 004214d0 f   road_gui.obj
 0001:000206c2       @InitializeRoadGui@0       004216c2 f   road_gui.obj
 0001:00020c26       @ShowRoadVehViewWindow@4   00421c26 f   roadveh_gui.obj
 0001:00021329       @ShowRoadDepotWindow@4     00422329 f   roadveh_gui.obj
 0001:00021548       @ShowPlayerRoadVehicles@4  00422548 f   roadveh_gui.obj
 0001:00021574       @DropdownMenuWndProc@8     00422574 f   settings_gui.obj
 0001:000217ee       @ShowDropDownMenu@20       004227ee f   settings_gui.obj
 0001:00021c6a       @CmdSetRoadDriveSide@20    00422c6a f   settings_gui.obj
 0001:00021c8d       @CmdSetCityNameType@20     00422c8d f   settings_gui.obj
 0001:00021cb0       @ShowGameOptions@0         00422cb0 f   settings_gui.obj
 0001:00021f19       @ShowGameDifficulty@0      00422f19 f   settings_gui.obj
 0001:00021f2d       @ShowHighscoreTable@4      00422f2d f   settings_gui.obj
 0001:00021ff1       @ShowPatchesSelection@0    00422ff1 f   settings_gui.obj
 0001:000229e0       @ShowShipViewWindow@4      004239e0 f   ship_gui.obj
 0001:00022e47       @ShowShipDepotWindow@4     00423e47 f   ship_gui.obj
 0001:00023112       @ShowPlayerShips@4         00424112 f   ship_gui.obj
 0001:0002313d       @DrawSmallMapContours@24   0042413d f   smallmap_gui.obj
 0001:000231c8       @DrawSmallMapVehicles@24   004241c8 f   smallmap_gui.obj
 0001:0002324d       @DrawSmallMapIndustries@24 0042424d f   smallmap_gui.obj
 0001:000232f3       @DrawSmallMapRoutes@24     004242f3 f   smallmap_gui.obj
 0001:000233c8       @DrawSmallMapVegetation@24 004243c8 f   smallmap_gui.obj
 0001:000234c6       @DrawSmallMapOwners@24     004244c6 f   smallmap_gui.obj
 0001:00023c06       @ShowSmallMap@0            00424c06 f   smallmap_gui.obj
 0001:00023ec1       @ShowPlayerStations@4      00424ec1 f   station_gui.obj
 0001:00024293       @ShowStationViewWindow@4   00425293 f   station_gui.obj
 0001:0002455e       @ShowSubsidiesList@0       0042555e f   subsidy_gui.obj
 0001:0002484e       @ShowTownAuthorityWindow@4 0042584e f   town_gui.obj
 0001:000249ac       @ShowTownViewWindow@4      004259ac f   town_gui.obj
 0001:00024c71       @ShowTownDirectory@0       00425c71 f   town_gui.obj
 0001:0002572d       @ShowTrainDepotWindow@4    0042672d f   train_gui.obj
 0001:00025967       @ShowTrainViewWindow@4     00426967 f   train_gui.obj
 0001:00025daf       @ShowTrainDetailsWindow@4  00426daf f   train_gui.obj
 0001:00025ff8       @ShowPlayerTrains@4        00426ff8 f   train_gui.obj
 0001:00026023       @GetAircraftImage@8        00427023 f   aircraft_cmd.obj
 0001:00026035       @DrawAircraftEngine@16     00427035 f   aircraft_cmd.obj
 0001:0002607d       @DrawAircraftEngineInfo@16 0042707d f   aircraft_cmd.obj
 0001:00026101       @AllocateVehicles@8        00427101 f   aircraft_cmd.obj
 0001:0002613b       @CmdBuildAircraft@20       0042713b f   aircraft_cmd.obj
 0001:000263cc       @IsAircraftHangarTile@4    004273cc f   aircraft_cmd.obj
 0001:000263f2       @DoDeleteAircraft@4        004273f2 f   aircraft_cmd.obj
 0001:0002645c       @CmdSellAircraft@20        0042745c f   aircraft_cmd.obj
 0001:000264d3       @CmdStartStopAircraft@20   004274d3 f   aircraft_cmd.obj
 0001:0002652f       @CmdSendAircraftToHangar@20 0042752f f   aircraft_cmd.obj
 0001:000265ab       @CmdChangeRoadVehServiceInt@20 004275ab f   aircraft_cmd.obj
 0001:000265ab       @CmdChangeAircraftServiceInt@20 004275ab f   aircraft_cmd.obj
 0001:000265ab       @CmdChangeShipServiceInt@20 004275ab f   aircraft_cmd.obj
 0001:000265ef       @CmdRefitAircraft@20       004275ef f   aircraft_cmd.obj
 0001:000266c0       @HandleClickOnAircraft@4   004276c0 f   aircraft_cmd.obj
 0001:000266c5       @OnNewDay_Aircraft@4       004276c5 f   aircraft_cmd.obj
 0001:000267ac       @AircraftYearlyLoop@0      004277ac f   aircraft_cmd.obj
 0001:000275cd       @Aircraft_Tick@4           004285cd f   aircraft_cmd.obj
 0001:0002792e       @CmdTerraformLand@20       0042892e f   clear_cmd.obj
 0001:00027d4d       @CmdPurchaseLandArea@20    00428d4d f   clear_cmd.obj
 0001:00027ddb       @ClearTile_Clear@8         00428ddb f   clear_cmd.obj
 0001:00027e01       @CmdSellLandArea@20        00428e01 f   clear_cmd.obj
 0001:00027e4b       @DrawClearLandTile@8       00428e4b f   clear_cmd.obj
 0001:00027e67       @DrawHillyLandTile@4       00428e67 f   clear_cmd.obj
 0001:00027e95       @DrawClearLandFence@8      00428e95 f   clear_cmd.obj
 0001:00027fb0       @GetSlopeZ_Clear@4         00428fb0 f   clear_cmd.obj
 0001:00027fb0       @GetSlopeZ_Water@4         00428fb0 f   clear_cmd.obj
 0001:00027fcb       @TileLoopClearHelper@4     00428fcb f   clear_cmd.obj
 0001:0002828b       @GenerateClearTile@0       0042928b f   clear_cmd.obj
 0001:0002832a       @GetTileTrackStatus_Clear@8 0042932a f   clear_cmd.obj
 0001:00028360       @InitializeClearLand@0     00429360 f   clear_cmd.obj
 0001:000290fd       @DisasterVehicle_Tick@4    0042a0fd f   disaster_cmd.obj
 0001:000294c8       @DoDisaster@0              0042a4c8 f   disaster_cmd.obj
 0001:00029515       @DisasterDailyLoop@0       0042a515 f   disaster_cmd.obj
 0001:00029546       @StartupDisasters@0        0042a546 f   disaster_cmd.obj
 0001:000298f7       @TransportIndustryGoods@4  0042a8f7 f   industry_cmd.obj
 0001:0002a050       @DeleteIndustry@4          0042b050 f   industry_cmd.obj
 0001:0002a10a       @OnTick_Industry@0         0042b10a f   industry_cmd.obj
 0001:0002a601       @CmdBuildIndustry@20       0042b601 f   industry_cmd.obj
 0001:0002aaf7       @CreateNewIndustry@8       0042baf7 f   industry_cmd.obj
 0001:0002ab95       @GenerateIndustries@0      0042bb95 f   industry_cmd.obj
 0001:0002abf3       @IndustryMonthlyLoop@0     0042bbf3 f   industry_cmd.obj
 0001:0002aeae       @InitializeIndustries@0    0042beae f   industry_cmd.obj
 0001:0002af10       @CmdSetPlayerFace@20       0042bf10 f   misc_cmd.obj
 0001:0002af35       @CmdSetPlayerColor@20      0042bf35 f   misc_cmd.obj
 0001:0002af8d       @CmdIncreaseLoan@20        0042bf8d f   misc_cmd.obj
 0001:0002b01a       @CmdDecreaseLoan@20        0042c01a f   misc_cmd.obj
 0001:0002b0b3       @CmdChangeCompanyName@20   0042c0b3 f   misc_cmd.obj
 0001:0002b102       @CmdChangePresidentName@20 0042c102 f   misc_cmd.obj
 0001:0002b190       @UpdateAllSignVirtCoords@0 0042c190 f   misc_cmd.obj
 0001:0002b1e6       @CmdPlaceSign@20           0042c1e6 f   misc_cmd.obj
 0001:0002b25d       @CmdRenameSign@20          0042c25d f   misc_cmd.obj
 0001:0002b2e2       @CmdPauseOrResume@20       0042c2e2 f   misc_cmd.obj
 0001:0002b319       @SetDifficultyLevel@4      0042c319 f   misc_cmd.obj
 0001:0002b343       @CmdChangeDifficultyLevel@20 0042c343 f   misc_cmd.obj
 0001:0002b3c7       @CmdInsertTrainOrder@20    0042c3c7 f   order_cmd.obj
 0001:0002b537       @CmdDeleteTrainOrder@20    0042c537 f   order_cmd.obj
 0001:0002b647       @CmdSkipTrainOrder@20      0042c647 f   order_cmd.obj
 0001:0002b68d       @CmdModifyTrainOrder@20    0042c68d f   order_cmd.obj
 0001:0002b72b       @CmdCloneOrder@20          0042c72b f   order_cmd.obj
 0001:0002b86f       @BackupVehicleOrders@8     0042c86f f   order_cmd.obj
 0001:0002b8a2       @RestoreVehicleOrders@8    0042c8a2 f   order_cmd.obj
 0001:0002b95a       @CmdBuildSingleRail@20     0042c95a f   rail_cmd.obj
 0001:0002bc7a       @CmdRemoveSingleRail@20    0042cc7a f   rail_cmd.obj
 0001:0002bdc8       @CmdBuildRailroadTrack@20  0042cdc8 f   rail_cmd.obj
 0001:0002bea6       @CmdRemoveRailroadTrack@20 0042cea6 f   rail_cmd.obj
 0001:0002bf79       @CmdBuildTrainDepot@20     0042cf79 f   rail_cmd.obj
 0001:0002c06e       @CmdBuildTrainCheckpoint@20 0042d06e f   rail_cmd.obj
 0001:0002c22d       @CheckpointsDailyLoop@0    0042d22d f   rail_cmd.obj
 0001:0002c291       @CmdRemoveTrainCheckpoint@20 0042d291 f   rail_cmd.obj
 0001:0002c354       @CmdRenameCheckpoint@20    0042d354 f   rail_cmd.obj
 0001:0002c3f0       @CmdBuildSignals@20        0042d3f0 f   rail_cmd.obj
 0001:0002c559       @CmdRemoveSignals@20       0042d559 f   rail_cmd.obj
 0001:0002c8ee       @DrawFoundation@8          0042d8ee f   rail_cmd.obj
 0001:0002cda6       @DrawTrainDepotSprite@16   0042dda6 f   rail_cmd.obj
 0001:0002ce44       @UpdateSignalsOnSegment@8  0042de44 f   rail_cmd.obj
 0001:0002d10e       @SetSignalsOnBothDir@8     0042e10e f   rail_cmd.obj
 0001:0002d12f       @GetSlopeZ_Track@4         0042e12f f   rail_cmd.obj
 0001:0002d43e       @VehicleEnter_Track@16     0042e43e f   rail_cmd.obj
 0001:0002d4fe       @InitializeRail@0          0042e4fe f   rail_cmd.obj
 0001:0002d507       @IsRoadDepotTile@4         0042e507 f   road_cmd.obj
 0001:0002d52b       @GetRoadBitsByTile@4       0042e52b f   road_cmd.obj
 0001:0002d544       @CmdRemoveRoad@20          0042e544 f   road_cmd.obj
 0001:0002d846       @CmdBuildRoad@20           0042e846 f   road_cmd.obj
 0001:0002daf9       @CmdBuildLongRoad@20       0042eaf9 f   road_cmd.obj
 0001:0002dbc1       @CmdRemoveLongRoad@20      0042ebc1 f   road_cmd.obj
 0001:0002dc90       @CmdBuildRoadDepot@20      0042ec90 f   road_cmd.obj
 0001:0002e0b8       @DrawRoadDepotSprite@12    0042f0b8 f   road_cmd.obj
 0001:0002e135       @GetSlopeZ_Road@4          0042f135 f   road_cmd.obj
 0001:0002e552       @InitializeRoad@0          0042f552 f   road_cmd.obj
 0001:0002e55b       @GetRoadVehImage@8         0042f55b f   roadveh_cmd.obj
 0001:0002e587       @DrawRoadVehEngine@16      0042f587 f   roadveh_cmd.obj
 0001:0002e5ae       @DrawRoadVehEngineInfo@16  0042f5ae f   roadveh_cmd.obj
 0001:0002e635       @CmdBuildRoadVeh@20        0042f635 f   roadveh_cmd.obj
 0001:0002e7d0       @CmdSellRoadVeh@20         0042f7d0 f   roadveh_cmd.obj
 0001:0002e85d       @CmdSendRoadVehToDepot@20  0042f85d f   roadveh_cmd.obj
 0001:0002e970       @CmdTurnRoadVeh@20         0042f970 f   roadveh_cmd.obj
 0001:0002e9ca       @EnumCheckRoadVehClose@8   0042f9ca f   roadveh_cmd.obj
 0001:0002ea34       @EnumFindVehToOvertake@8   0042fa34 f   roadveh_cmd.obj
 0001:0002ea51       @RoadVehEnterDepot@4       0042fa51 f   roadveh_cmd.obj
 0001:0002eae8       @RoadVeh_Tick@4            0042fae8 f   roadveh_cmd.obj
 0001:0002fa7c       @OnNewDay_RoadVeh@4        00430a7c f   roadveh_cmd.obj
 0001:0002fbc1       @HandleClickOnRoadVeh@4    00430bc1 f   roadveh_cmd.obj
 0001:0002fbc6       @RoadVehiclesYearlyLoop@0  00430bc6 f   roadveh_cmd.obj
 0001:0002fbf4       @DrawShipEngine@16         00430bf4 f   ship_cmd.obj
 0001:0002fc1b       @DrawShipEngineInfo@16     00430c1b f   ship_cmd.obj
 0001:0002fc9f       @GetShipImage@8            00430c9f f   ship_cmd.obj
 0001:0002fcb1       @OnNewDay_Ship@4           00430cb1 f   ship_cmd.obj
 0001:0002fdfb       @Ship_Tick@4               00430dfb f   ship_cmd.obj
 0001:0003068c       @HandleClickOnShip@4       0043168c f   ship_cmd.obj
 0001:00030691       @ShipsYearlyLoop@0         00431691 f   ship_cmd.obj
 0001:000306bf       @CmdBuildShip@20           004316bf f   ship_cmd.obj
 0001:00030867       @CmdSellShip@20            00431867 f   ship_cmd.obj
 0001:000308f4       @CmdStartStopRoadVeh@20    004318f4 f   ship_cmd.obj
 0001:000308f4       @CmdStartStopShip@20       004318f4 f   ship_cmd.obj
 0001:0003093e       @CmdSendShipToDepot@20     0043193e f   ship_cmd.obj
 0001:000309b4       @CmdRefitShip@20           004319b4 f   ship_cmd.obj
 0001:00030a45       @UpdateAllStationVirtCoord@0 00431a45 f   station_cmd.obj
 0001:00030ad1       @GetProductionAroundTiles@16 00431ad1 f   station_cmd.obj
 0001:00030bc3       @GetAcceptanceAroundTiles@16 00431bc3 f   station_cmd.obj
 0001:00030c9e       @CheckFlatLandBelow@20     00431c9e f   station_cmd.obj
 0001:00030db2       @CmdBuildRailroadStation@20 00431db2 f   station_cmd.obj
 0001:0003190e       @CmdBuildBusStation@20     0043290e f   station_cmd.obj
 0001:00031a9f       @CmdBuildTruckStation@20   00432a9f f   station_cmd.obj
 0001:00031c30       @CmdBuildAirport@20        00432c30 f   station_cmd.obj
 0001:00031e93       @CmdBuildBuoy@20           00432e93 f   station_cmd.obj
 0001:00031f6d       @CmdBuildDock@20           00432f6d f   station_cmd.obj
 0001:000322e0       @StationPickerDrawSprite@16 004332e0 f   station_cmd.obj
 0001:000325f2       @OnTick_Station@0          004335f2 f   station_cmd.obj
 0001:000328c5       @StationMonthlyLoop@0      004338c5 f   station_cmd.obj
 0001:000328e5       @ModifyStationRatingAround@16 004338e5 f   station_cmd.obj
 0001:0003294e       @CmdRenameStation@20       0043394e f   station_cmd.obj
 0001:000329a6       @MoveGoodsToStation@20     004339a6 f   station_cmd.obj
 0001:00032b72       @BuildOilRig@4             00433b72 f   station_cmd.obj
 0001:00032c59       @DeleteOilRig@4            00433c59 f   station_cmd.obj
 0001:000330d2       @InitializeStations@0      004340d2 f   station_cmd.obj
 0001:0003361b       @OnTick_Town@0             0043461b f   town_cmd.obj
 0001:0003367c       @GrowCity@4                0043467c f   town_cmd.obj
 0001:00033c74       @CmdBuildTown@20           00434c74 f   town_cmd.obj
 0001:00033f42       @CreateRandomTown@0        00434f42 f   town_cmd.obj
 0001:00033fa8       @GenerateTowns@0           00434fa8 f   town_cmd.obj
 0001:00033fcb       @GetCityRadiusGroup@8      00434fcb f   town_cmd.obj
 0001:00034007       @CmdBuildTownHouse@20      00435007 f   town_cmd.obj
 0001:000343e6       @CmdClearTownHouse@20      004353e6 f   town_cmd.obj
 0001:000345a4       @CmdRenameTown@20          004355a4 f   town_cmd.obj
 0001:00034608       @DeleteTown@4              00435608 f   town_cmd.obj
 0001:000346a1       @ExpandTown@4              004356a1 f   town_cmd.obj
 0001:0003484f       @CmdDoTownAction@20        0043584f f   town_cmd.obj
 0001:00034891       @ResetTownRatingsForPlayer@4 00435891 f   town_cmd.obj
 0001:000348ab       @CheckIfAuthorityRefuses@4 004358ab f   town_cmd.obj
 0001:000348ea       @ClosestCityFromTile@8     004358ea f   town_cmd.obj
 0001:00034922       @IncCityRating@12          00435922 f   town_cmd.obj
 0001:0003494f       @CitiesMonthlyLoop@0       0043594f f   town_cmd.obj
 0001:00034b37       @InitializeTowns@0         00435b37 f   town_cmd.obj
 0001:00034bd6       @AfterLoadCity@0           00435bd6 f   town_cmd.obj
 0001:00034c02       @GetVehicleWeight@4        00435c02 f   train_cmd.obj
 0001:00034c74       @GetTrainImage@8           00435c74 f   train_cmd.obj
 0001:00034cb0       @DrawTrainEngine@16        00435cb0 f   train_cmd.obj
 0001:00034d26       @DrawTrainEngineInfo@16    00435d26 f   train_cmd.obj
 0001:00034de6       @CmdBuildRailWagon@12      00435de6 f   train_cmd.obj
 0001:00034f53       @CmdBuildRailVehicle@20    00435f53 f   train_cmd.obj
 0001:00035234       @IsTrainDepotTile@4        00436234 f   train_cmd.obj
 0001:00035258       @IsTunnelTile@4            00436258 f   train_cmd.obj
 0001:00035279       @CmdMoveRailVehicle@20     00436279 f   train_cmd.obj
 0001:000354c0       @CmdStartStopTrain@20      004364c0 f   train_cmd.obj
 0001:0003550f       @CmdSellRailLoco@20        0043650f f   train_cmd.obj
 0001:000355f5       @CmdSellRailWagon@20       004365f5 f   train_cmd.obj
 0001:000356f0       @CmdReverseTrainDirection@20 004366f0 f   train_cmd.obj
 0001:000358be       @CmdForceTrainProceed@20   004368be f   train_cmd.obj
 0001:000358f0       @GetDepotByTile@4          004368f0 f   train_cmd.obj
 0001:0003590a       @CmdTrainGotoDepot@20      0043690a f   train_cmd.obj
 0001:00035a1c       @CmdChangeTrainServiceInt@20 00436a1c f   train_cmd.obj
 0001:00035a60       @OnTick_Train@0            00436a60 f   train_cmd.obj
 0001:00035a78       @FindTrainCollideEnum@8    00436a78 f   train_cmd.obj
 0001:00035ace       @Train_Tick@4              00436ace f   train_cmd.obj
 0001:00036d6b       @TrainEnterDepot@8         00437d6b f   train_cmd.obj
 0001:00036e24       @OnNewDay_Train@4          00437e24 f   train_cmd.obj
 0001:00036fdf       @TrainsYearlyLoop@0        00437fdf f   train_cmd.obj
 0001:0003705e       @HandleClickOnTrain@4      0043805e f   train_cmd.obj
 0001:00037070       @NormalizeTrainVehInDepot@8 00438070 f   train_cmd.obj
 0001:000370d0       @InitializeTrains@0        004380d0 f   train_cmd.obj
 0001:000370d8       @PlaceTreesRandomly@0      004380d8 f   tree_cmd.obj
 0001:000371f9       @GenerateTrees@0           004381f9 f   tree_cmd.obj
 0001:000372b6       @CmdPlantTree@20           004382b6 f   tree_cmd.obj
 0001:00037869       @OnTick_Trees@0            00438869 f   tree_cmd.obj
 0001:0003795c       @InitializeTrees@0         0043895c f   tree_cmd.obj
 0001:00037973       @CmdBuildBridge@20         00438973 f   tunnelbridge_cmd.obj
 0001:00037d4e       @CheckTunnelInWay@8        00438d4e f   tunnelbridge_cmd.obj
 0001:00037dec       @CmdBuildTunnel@20         00438dec f   tunnelbridge_cmd.obj
 0001:00038134       @CmdClearTunnelTile@20     00439134 f   tunnelbridge_cmd.obj
 0001:00038227       @CmdClearBridgeTile@20     00439227 f   tunnelbridge_cmd.obj
 0001:00038aff       @GetVehicleOutOfTunnelTile@4 00439aff f   tunnelbridge_cmd.obj
 0001:00038d74       @GenerateUnmovables@0      00439d74 f   unmovable_cmd.obj
 0001:00038e51       @CmdBuildCompanyHQ@20      00439e51 f   unmovable_cmd.obj
 0001:00038f0f       @IsShipDepotTile@4         00439f0f f   water_cmd.obj
 0001:00038f33       @IsClearWaterTile@4        00439f33 f   water_cmd.obj
 0001:00038f58       @CmdBuildShipDepot@20      00439f58 f   water_cmd.obj
 0001:0003928b       @DrawShipDepotSprite@12    0043a28b f   water_cmd.obj
 0001:00039335       @TileLoop_Water@4          0043a335 f   water_cmd.obj
 0001:000394ac       @InitializeDock@0          0043a4ac f   water_cmd.obj
 0001:000394c0       __allshr                   0043a4c0 f   LIBC:llshr.obj
 0001:000394f0       _memmove                   0043a4f0 f   LIBC:memmove.obj
 0001:00039825       _fseek                     0043a825 f   LIBC:fseek.obj
 0001:000398b1       _fread                     0043a8b1 f   LIBC:fread.obj
 0001:00039999       _fclose                    0043a999 f   LIBC:fclose.obj
 0001:000399ef       __fsopen                   0043a9ef f   LIBC:fopen.obj
 0001:00039a0f       _fopen                     0043aa0f f   LIBC:fopen.obj
 0001:00039a22       _printf                    0043aa22 f   LIBC:printf.obj
 0001:00039a60       __chkstk                   0043aa60 f   LIBC:chkstk.obj
 0001:00039a60       __alloca_probe             0043aa60 f   LIBC:chkstk.obj
 0001:00039a8f       _sprintf                   0043aa8f f   LIBC:sprintf.obj
 0001:00039ae1       _fwrite                    0043aae1 f   LIBC:fwrite.obj
 0001:00039beb       _free                      0043abeb f   LIBC:free.obj
 0001:00039c54       _malloc                    0043ac54 f   LIBC:malloc.obj
 0001:00039c66       __nh_malloc                0043ac66 f   LIBC:malloc.obj
 0001:00039c92       __heap_alloc               0043ac92 f   LIBC:malloc.obj
 0001:00039d06       _rewind                    0043ad06 f   LIBC:rewind.obj
 0001:00039d5a       _realloc                   0043ad5a f   LIBC:realloc.obj
 0001:00039ffa       _fgets                     0043affa f   LIBC:fgets.obj
 0001:0003a070       _strchr                    0043b070 f   LIBC:strchr.obj
 0001:0003a076       ___from_strstr_to_strchr   0043b076 f   LIBC:strchr.obj
 0001:0003a12c       _strtol                    0043b12c f   LIBC:strtol.obj
 0001:0003a34b       _strtoul                   0043b34b f   LIBC:strtol.obj
 0001:0003a362       _fprintf                   0043b362 f   LIBC:fprintf.obj
 0001:0003a394       _fputs                     0043b394 f   LIBC:fputs.obj
 0001:0003a3d7       _calloc                    0043b3d7 f   LIBC:calloc.obj
 0001:0003a490       __allmul                   0043b490 f   LIBC:llmul.obj
 0001:0003a4d0       __alldiv                   0043b4d0 f   LIBC:lldiv.obj
 0001:0003a580       __allrem                   0043b580 f   LIBC:llrem.obj
 0001:0003a632       __cinit                    0043b632 f   LIBC:crt0dat.obj
 0001:0003a65f       _exit                      0043b65f f   LIBC:crt0dat.obj
 0001:0003a670       __exit                     0043b670 f   LIBC:crt0dat.obj
 0001:0003a734       _vsprintf                  0043b734 f   LIBC:vsprintf.obj
 0001:0003a785       ___initstdio               0043b785 f   LIBC:_file.obj
 0001:0003a82a       ___endstdio                0043b82a f   LIBC:_file.obj
 0001:0003a83e       _ftell                     0043b83e f   LIBC:ftell.obj
 0001:0003a9a0       _strncmp                   0043b9a0 f   LIBC:strncmp.obj
 0001:0003a9d8       _atol                      0043b9d8 f   LIBC:atox.obj
 0001:0003aa63       _atoi                      0043ba63 f   LIBC:atox.obj
 0001:0003aa70       _strrchr                   0043ba70 f   LIBC:strrchr.obj
 0001:0003aa97       _wcscpy                    0043ba97 f   LIBC:wcscat.obj
 0001:0003aabc       _qsort                     0043babc f   LIBC:qsort.obj
 0001:0003ac8a       _setvbuf                   0043bc8a f   LIBC:setvbuf.obj
 0001:0003ad2b       __fdopen                   0043bd2b f   LIBC:fdopen.obj
 0001:0003ae07       __alloc_osfhnd             0043be07 f   LIBC:osfinfo.obj
 0001:0003ae9c       __set_osfhnd               0043be9c f   LIBC:osfinfo.obj
 0001:0003af13       __free_osfhnd              0043bf13 f   LIBC:osfinfo.obj
 0001:0003af8d       __get_osfhandle            0043bf8d f   LIBC:osfinfo.obj
 0001:0003afca       __open_osfhandle           0043bfca f   LIBC:osfinfo.obj
 0001:0003b067       _puts                      0043c067 f   LIBC:puts.obj
 0001:0003b0d0       __global_unwind2           0043c0d0 f   LIBC:exsup.obj
 0001:0003b112       __local_unwind2            0043c112 f   LIBC:exsup.obj
 0001:0003b16a       __NLG_Return2              0043c16a f   LIBC:exsup.obj
 0001:0003b17a       __abnormal_termination     0043c17a f   LIBC:exsup.obj
 0001:0003b19d       __NLG_Notify1              0043c19d f   LIBC:exsup.obj
 0001:0003b1a6       __NLG_Notify               0043c1a6 f   LIBC:exsup.obj
 0001:0003b1b9       __NLG_Dispatch             0043c1b9 f   LIBC:exsup.obj
 0001:0003b1c8       __except_handler3          0043c1c8 f   LIBC:exsup3.obj
 0001:0003b285       __seh_longjmp_unwind@4     0043c285 f   LIBC:exsup3.obj
 0001:0003b2a0       __aulldiv                  0043c2a0 f   LIBC:ulldiv.obj
 0001:0003b308       _WinMainCRTStartup         0043c308 f   LIBC:wincrt0.obj
 0001:0003b3fe       __amsg_exit                0043c3fe f   LIBC:wincrt0.obj
 0001:0003b447       __lseek                    0043c447 f   LIBC:lseek.obj
 0001:0003b4e1       _fflush                    0043c4e1 f   LIBC:fflush.obj
 0001:0003b51c       __flush                    0043c51c f   LIBC:fflush.obj
 0001:0003b578       __flushall                 0043c578 f   LIBC:fflush.obj
 0001:0003b5ee       __filbuf                   0043c5ee f   LIBC:_filbuf.obj
 0001:0003b6c7       __read                     0043c6c7 f   LIBC:read.obj
 0001:0003b8c0       _memcpy                    0043c8c0 f   LIBC:memcpy.obj
 0001:0003bbf5       __close                    0043cbf5 f   LIBC:close.obj
 0001:0003bca8       __freebuf                  0043cca8 f   LIBC:_freebuf.obj
 0001:0003bcd3       __openfile                 0043ccd3 f   LIBC:_open.obj
 0001:0003be43       __getstream                0043ce43 f   LIBC:stream.obj
 0001:0003bebb       __stbuf                    0043cebb f   LIBC:_sftbuf.obj
 0001:0003bf48       __ftbuf                    0043cf48 f   LIBC:_sftbuf.obj
 0001:0003bf85       __output                   0043cf85 f   LIBC:output.obj
 0001:0003c78f       __flsbuf                   0043d78f f   LIBC:_flsbuf.obj
 0001:0003c8a4       __write                    0043d8a4 f   LIBC:write.obj
 0001:0003ca51       __GetLinkerVersion         0043da51 f   LIBC:heapinit.obj
 0001:0003ca7e       ___heap_select             0043da7e f   LIBC:heapinit.obj
 0001:0003cbc6       __heap_init                0043dbc6 f   LIBC:heapinit.obj
 0001:0003cc23       ___sbh_heap_init           0043dc23 f   LIBC:sbheap.obj
 0001:0003cc6b       ___sbh_find_block          0043dc6b f   LIBC:sbheap.obj
 0001:0003cc96       ___sbh_free_block          0043dc96 f   LIBC:sbheap.obj
 0001:0003cfbf       ___sbh_alloc_block         0043dfbf f   LIBC:sbheap.obj
 0001:0003d2c8       ___sbh_alloc_new_region    0043e2c8 f   LIBC:sbheap.obj
 0001:0003d379       ___sbh_alloc_new_group     0043e379 f   LIBC:sbheap.obj
 0001:0003d474       ___sbh_resize_block        0043e474 f   LIBC:sbheap.obj
 0001:0003d76a       ___old_sbh_new_region      0043e76a f   LIBC:sbheap.obj
 0001:0003d8ae       ___old_sbh_release_region  0043e8ae f   LIBC:sbheap.obj
 0001:0003d904       ___old_sbh_decommit_pages  0043e904 f   LIBC:sbheap.obj
 0001:0003d9c6       ___old_sbh_find_block      0043e9c6 f   LIBC:sbheap.obj
 0001:0003da1d       ___old_sbh_free_block      0043ea1d f   LIBC:sbheap.obj
 0001:0003da62       ___old_sbh_alloc_block     0043ea62 f   LIBC:sbheap.obj
 0001:0003dc6a       ___old_sbh_alloc_block_from_page 0043ec6a f   LIBC:sbheap.obj
 0001:0003dd8e       ___old_sbh_resize_block    0043ed8e f   LIBC:sbheap.obj
 0001:0003de37       __callnewh                 0043ee37 f   LIBC:handler.obj
 0001:0003de52       __ioinit                   0043ee52 f   LIBC:ioinit.obj
 0001:0003dffd       _toupper                   0043effd f   LIBC:toupper.obj
 0001:0003e0c9       __isctype                  0043f0c9 f   LIBC:isctype.obj
 0001:0003e140       _strlen                    0043f140 f   LIBC:strlen.obj
 0001:0003e1c0       _memset                    0043f1c0 f   LIBC:memset.obj
 0001:0003e218       __fcloseall                0043f218 f   LIBC:closeall.obj
 0001:0003e270       __dosmaperr                0043f270 f   LIBC:dosmap.obj
 0001:0003e2d7       __XcptFilter               0043f2d7 f   LIBC:winxfltr.obj
 0001:0003e45b       __wincmdln                 0043f45b f   LIBC:wincmdln.obj
 0001:0003e4b3       __setenvp                  0043f4b3 f   LIBC:stdenvp.obj
 0001:0003e56c       __setargv                  0043f56c f   LIBC:stdargv.obj
 0001:0003e7b9       ___crtGetEnvironmentStringsA 0043f7b9 f   LIBC:a_env.obj
 0001:0003e8eb       __FF_MSGBANNER             0043f8eb f   LIBC:crt0msg.obj
 0001:0003e924       __NMSG_WRITE               0043f924 f   LIBC:crt0msg.obj
 0001:0003ea77       __commit                   0043fa77 f   LIBC:commit.obj
 0001:0003eace       __getbuf                   0043face f   LIBC:_getbuf.obj
 0001:0003eb12       __sopen                    0043fb12 f   LIBC:open.obj
 0001:0003edcb       __isatty                   0043fdcb f   LIBC:isatty.obj
 0001:0003edf1       _wctomb                    0043fdf1 f   LIBC:wctomb.obj
 0001:0003ee60       __aullrem                  0043fe60 f   LIBC:ullrem.obj
 0001:0003eee0       _strstr                    0043fee0 f   LIBC:strstr.obj
 0001:0003ef60       ___crtLCMapStringA         0043ff60 f   LIBC:a_map.obj
 0001:0003f1af       ___crtGetStringTypeA       004401af f   LIBC:a_str.obj
 0001:0003f2f8       __ismbblead                004402f8 f   LIBC:ismbbyte.obj
 0001:0003f33a       __setmbcp                  0044033a f   LIBC:mbctype.obj
 0001:0003f6fe       ___initmbctable            004406fe f   LIBC:mbctype.obj
 0001:0003f720       _strcpy                    00440720 f   LIBC:strcat.obj
 0001:0003f730       _strcat                    00440730 f   LIBC:strcat.obj
 0001:0003f810       ___crtMessageBoxA          00440810 f   LIBC:crtmbox.obj
 0001:0003f8a0       _strncpy                   004408a0 f   LIBC:strncpy.obj
 0001:0003f99e       __chsize                   0044099e f   LIBC:chsize.obj
 0001:0003fae4       __fptrap                   00440ae4 f   LIBC:crt0fp.obj
 0001:0003faed       __setmode                  00440aed f   LIBC:setmode.obj
 0001:0003fb70       _send@16                   00440b70 f   ws2_32:WS2_32.dll
 0001:0003fb76       _recv@16                   00440b76 f   ws2_32:WS2_32.dll
 0001:0003fb7c       _ioctlsocket@12            00440b7c f   ws2_32:WS2_32.dll
 0001:0003fb82       _connect@12                00440b82 f   ws2_32:WS2_32.dll
 0001:0003fb88       _htons@4                   00440b88 f   ws2_32:WS2_32.dll
 0001:0003fb8e       _inet_addr@4               00440b8e f   ws2_32:WS2_32.dll
 0001:0003fb94       _socket@12                 00440b94 f   ws2_32:WS2_32.dll
 0001:0003fb9a       _accept@12                 00440b9a f   ws2_32:WS2_32.dll
 0001:0003fba0       _listen@8                  00440ba0 f   ws2_32:WS2_32.dll
 0001:0003fba6       _bind@12                   00440ba6 f   ws2_32:WS2_32.dll
 0001:0003fbac       _WSAStartup@8              00440bac f   ws2_32:WS2_32.dll
 0001:0003fbb2       _RtlUnwind@16              00440bb2 f   kernel32:KERNEL32.dll
 0001:0003fbb8       __strdup                   00440bb8 f   LIBC:strdup.obj
 0001:0003fbb8       _strdup                    00440bb8 f   LIBC:strdup.obj
 0002:00000000       __imp__SetDIBColorTable@16 00441000     gdi32:GDI32.dll
 0002:00000004       __imp__SelectObject@8      00441004     gdi32:GDI32.dll
 0002:00000008       __imp__SelectPalette@12    00441008     gdi32:GDI32.dll
 0002:0000000c       __imp__BitBlt@36           0044100c     gdi32:GDI32.dll
 0002:00000010       __imp__DeleteDC@4          00441010     gdi32:GDI32.dll
 0002:00000014       __imp__RealizePalette@4    00441014     gdi32:GDI32.dll
 0002:00000018       __imp__CreatePalette@4     00441018     gdi32:GDI32.dll
 0002:0000001c       __imp__CreateDIBSection@24 0044101c     gdi32:GDI32.dll
 0002:00000020       __imp__DeleteObject@4      00441020     gdi32:GDI32.dll
 0002:00000024       __imp__GdiFlush@0          00441024     gdi32:GDI32.dll
 0002:00000028       __imp__GetStockObject@4    00441028     gdi32:GDI32.dll
 0002:0000002c       __imp__CreateCompatibleDC@4 0044102c     gdi32:GDI32.dll
 0002:00000030       \177GDI32_NULL_THUNK_DATA  00441030     gdi32:GDI32.dll
 0002:00000034       __imp__GetCurrentDirectoryA@8 00441034     kernel32:KERNEL32.dll
 0002:00000038       __imp__FindFirstFileA@8    00441038     kernel32:KERNEL32.dll
 0002:0000003c       __imp__GetDiskFreeSpaceA@20 0044103c     kernel32:KERNEL32.dll
 0002:00000040       __imp__DeleteFileA@4       00441040     kernel32:KERNEL32.dll
 0002:00000044       __imp__CloseHandle@4       00441044     kernel32:KERNEL32.dll
 0002:00000048       __imp__CreateFileA@28      00441048     kernel32:KERNEL32.dll
 0002:0000004c       __imp__SetConsoleScreenBufferSize@8 0044104c     kernel32:KERNEL32.dll
 0002:00000050       __imp__GetConsoleScreenBufferInfo@8 00441050     kernel32:KERNEL32.dll
 0002:00000054       __imp__GetStdHandle@4      00441054     kernel32:KERNEL32.dll
 0002:00000058       __imp__AllocConsole@0      00441058     kernel32:KERNEL32.dll
 0002:0000005c       __imp__GetCommandLineA@0   0044105c     kernel32:KERNEL32.dll
 0002:00000060       __imp__SetUnhandledExceptionFilter@4 00441060     kernel32:KERNEL32.dll
 0002:00000064       __imp__WriteFile@20        00441064     kernel32:KERNEL32.dll
 0002:00000068       __imp__GetVersionExA@4     00441068     kernel32:KERNEL32.dll
 0002:0000006c       __imp__IsBadReadPtr@8      0044106c     kernel32:KERNEL32.dll
 0002:00000070       __imp__GetLocalTime@4      00441070     kernel32:KERNEL32.dll
 0002:00000074       __imp__LocalAlloc@8        00441074     kernel32:KERNEL32.dll
 0002:00000078       __imp__ExitProcess@4       00441078     kernel32:KERNEL32.dll
 0002:0000007c       __imp__OpenProcess@12      0044107c     kernel32:KERNEL32.dll
 0002:00000080       __imp__GetCurrentProcessId@0 00441080     kernel32:KERNEL32.dll
 0002:00000084       __imp__GetModuleFileNameA@12 00441084     kernel32:KERNEL32.dll
 0002:00000088       __imp__FileTimeToSystemTime@8 00441088     kernel32:KERNEL32.dll
 0002:0000008c       __imp__GetFileTime@16      0044108c     kernel32:KERNEL32.dll
 0002:00000090       __imp__ReadFile@20         00441090     kernel32:KERNEL32.dll
 0002:00000094       __imp__GetFileSize@8       00441094     kernel32:KERNEL32.dll
 0002:00000098       __imp__GetOEMCP@0          00441098     kernel32:KERNEL32.dll
 0002:0000009c       __imp__GetACP@0            0044109c     kernel32:KERNEL32.dll
 0002:000000a0       __imp__GetCPInfo@8         004410a0     kernel32:KERNEL32.dll
 0002:000000a4       __imp__GetLogicalDriveStringsA@8 004410a4     kernel32:KERNEL32.dll
 0002:000000a8       __imp__GetStringTypeA@20   004410a8     kernel32:KERNEL32.dll
 0002:000000ac       __imp__LCMapStringW@24     004410ac     kernel32:KERNEL32.dll
 0002:000000b0       __imp__LCMapStringA@24     004410b0     kernel32:KERNEL32.dll
 0002:000000b4       __imp__FlushFileBuffers@4  004410b4     kernel32:KERNEL32.dll
 0002:000000b8       __imp__GetEnvironmentStringsW@0 004410b8     kernel32:KERNEL32.dll
 0002:000000bc       __imp__GetEnvironmentStrings@0 004410bc     kernel32:KERNEL32.dll
 0002:000000c0       __imp__WideCharToMultiByte@32 004410c0     kernel32:KERNEL32.dll
 0002:000000c4       __imp__FreeEnvironmentStringsW@4 004410c4     kernel32:KERNEL32.dll
 0002:000000c8       __imp__FreeEnvironmentStringsA@4 004410c8     kernel32:KERNEL32.dll
 0002:000000cc       __imp__UnhandledExceptionFilter@4 004410cc     kernel32:KERNEL32.dll
 0002:000000d0       __imp__SetHandleCount@4    004410d0     kernel32:KERNEL32.dll
 0002:000000d4       __imp__VirtualAlloc@16     004410d4     kernel32:KERNEL32.dll
 0002:000000d8       __imp__VirtualFree@12      004410d8     kernel32:KERNEL32.dll
 0002:000000dc       __imp__HeapCreate@12       004410dc     kernel32:KERNEL32.dll
 0002:000000e0       __imp__HeapDestroy@4       004410e0     kernel32:KERNEL32.dll
 0002:000000e4       __imp__GetEnvironmentVariableA@12 004410e4     kernel32:KERNEL32.dll
 0002:000000e8       __imp__SetFilePointer@16   004410e8     kernel32:KERNEL32.dll
 0002:000000ec       __imp__GetVersion@0        004410ec     kernel32:KERNEL32.dll
 0002:000000f0       __imp__GetStartupInfoA@4   004410f0     kernel32:KERNEL32.dll
 0002:000000f4       __imp__RtlUnwind@16        004410f4     kernel32:KERNEL32.dll
 0002:000000f8       __imp__GetFileType@4       004410f8     kernel32:KERNEL32.dll
 0002:000000fc       __imp__GetLastError@0      004410fc     kernel32:KERNEL32.dll
 0002:00000100       __imp__SetStdHandle@8      00441100     kernel32:KERNEL32.dll
 0002:00000104       __imp__GetCurrentProcess@0 00441104     kernel32:KERNEL32.dll
 0002:00000108       __imp__TerminateProcess@8  00441108     kernel32:KERNEL32.dll
 0002:0000010c       __imp__HeapReAlloc@16      0044110c     kernel32:KERNEL32.dll
 0002:00000110       __imp__HeapAlloc@12        00441110     kernel32:KERNEL32.dll
 0002:00000114       __imp__HeapFree@12         00441114     kernel32:KERNEL32.dll
 0002:00000118       __imp__FindNextFileA@8     00441118     kernel32:KERNEL32.dll
 0002:0000011c       __imp__SetEndOfFile@4      0044111c     kernel32:KERNEL32.dll
 0002:00000120       __imp__FindClose@4         00441120     kernel32:KERNEL32.dll
 0002:00000124       __imp__LoadLibraryA@4      00441124     kernel32:KERNEL32.dll
 0002:00000128       __imp__GetProcAddress@8    00441128     kernel32:KERNEL32.dll
 0002:0000012c       __imp__CreateEventA@16     0044112c     kernel32:KERNEL32.dll
 0002:00000130       __imp__WaitForMultipleObjects@16 00441130     kernel32:KERNEL32.dll
 0002:00000134       __imp__CreateThread@24     00441134     kernel32:KERNEL32.dll
 0002:00000138       __imp__SetEvent@4          00441138     kernel32:KERNEL32.dll
 0002:0000013c       __imp__GetTickCount@0      0044113c     kernel32:KERNEL32.dll
 0002:00000140       __imp__Sleep@4             00441140     kernel32:KERNEL32.dll
 0002:00000144       __imp__GetModuleHandleA@4  00441144     kernel32:KERNEL32.dll
 0002:00000148       __imp__GetStringTypeW@16   00441148     kernel32:KERNEL32.dll
 0002:0000014c       __imp__MultiByteToWideChar@24 0044114c     kernel32:KERNEL32.dll
 0002:00000150       \177KERNEL32_NULL_THUNK_DATA 00441150     kernel32:KERNEL32.dll
 0002:00000154       __imp__GetWindowRect@8     00441154     user32:USER32.dll
 0002:00000158       __imp__SetCursor@4         00441158     user32:USER32.dll
 0002:0000015c       __imp__GetDlgItem@8        0044115c     user32:USER32.dll
 0002:00000160       __imp__SetDlgItemTextA@12  00441160     user32:USER32.dll
 0002:00000164       __imp__RegisterClassA@4    00441164     user32:USER32.dll
 0002:00000168       __imp__LoadCursorA@8       00441168     user32:USER32.dll
 0002:0000016c       __imp__LoadIconA@8         0044116c     user32:USER32.dll
 0002:00000170       __imp__AdjustWindowRect@12 00441170     user32:USER32.dll
 0002:00000174       __imp__GetWindowLongA@8    00441174     user32:USER32.dll
 0002:00000178       __imp__SetRect@20          00441178     user32:USER32.dll
 0002:0000017c       __imp__InvalidateRect@12   0044117c     user32:USER32.dll
 0002:00000180       __imp__ReleaseDC@8         00441180     user32:USER32.dll
 0002:00000184       __imp__GetWindowDC@4       00441184     user32:USER32.dll
 0002:00000188       __imp__DefWindowProcA@16   00441188     user32:USER32.dll
 0002:0000018c       __imp__SetCapture@4        0044118c     user32:USER32.dll
 0002:00000190       __imp__ReleaseCapture@0    00441190     user32:USER32.dll
 0002:00000194       __imp__SetCursorPos@8      00441194     user32:USER32.dll
 0002:00000198       __imp__ClientToScreen@8    00441198     user32:USER32.dll
 0002:0000019c       __imp__EndPaint@8          0044119c     user32:USER32.dll
 0002:000001a0       __imp__BeginPaint@8        004411a0     user32:USER32.dll
 0002:000001a4       __imp__ShowCursor@4        004411a4     user32:USER32.dll
 0002:000001a8       __imp__GetAsyncKeyState@4  004411a8     user32:USER32.dll
 0002:000001ac       __imp__CreateWindowExA@48  004411ac     user32:USER32.dll
 0002:000001b0       __imp__SetWindowPos@28     004411b0     user32:USER32.dll
 0002:000001b4       __imp__GetSystemMetrics@4  004411b4     user32:USER32.dll
 0002:000001b8       __imp__SendDlgItemMessageA@20 004411b8     user32:USER32.dll
 0002:000001bc       __imp__ShowWindow@8        004411bc     user32:USER32.dll
 0002:000001c0       __imp__DialogBoxParamA@20  004411c0     user32:USER32.dll
 0002:000001c4       __imp__GetActiveWindow@0   004411c4     user32:USER32.dll
 0002:000001c8       __imp__MessageBoxA@16      004411c8     user32:USER32.dll
 0002:000001cc       __imp__PeekMessageA@20     004411cc     user32:USER32.dll
 0002:000001d0       __imp__TranslateMessage@4  004411d0     user32:USER32.dll
 0002:000001d4       __imp__DispatchMessageA@4  004411d4     user32:USER32.dll
 0002:000001d8       __imp__EnumDisplaySettingsA@12 004411d8     user32:USER32.dll
 0002:000001dc       __imp__GetDC@4             004411dc     user32:USER32.dll
 0002:000001e0       __imp__DestroyWindow@4     004411e0     user32:USER32.dll
 0002:000001e4       __imp__ChangeDisplaySettingsA@8 004411e4     user32:USER32.dll
 0002:000001e8       __imp__EnableWindow@8      004411e8     user32:USER32.dll
 0002:000001ec       \177USER32_NULL_THUNK_DATA 004411ec     user32:USER32.dll
 0002:000001f0       __imp__midiOutSetVolume@8  004411f0     winmm:WINMM.dll
 0002:000001f4       __imp__waveOutOpen@24      004411f4     winmm:WINMM.dll
 0002:000001f8       __imp__waveOutPrepareHeader@12 004411f8     winmm:WINMM.dll
 0002:000001fc       __imp__waveOutWrite@12     004411fc     winmm:WINMM.dll
 0002:00000200       __imp__waveOutClose@4      00441200     winmm:WINMM.dll
 0002:00000204       __imp__waveOutUnprepareHeader@12 00441204     winmm:WINMM.dll
 0002:00000208       __imp__waveOutReset@4      00441208     winmm:WINMM.dll
 0002:0000020c       __imp__mciSendStringA@16   0044120c     winmm:WINMM.dll
 0002:00000210       \177WINMM_NULL_THUNK_DATA  00441210     winmm:WINMM.dll
 0002:00000214       __imp__ioctlsocket@12      00441214     ws2_32:WS2_32.dll
 0002:00000218       __imp__send@16             00441218     ws2_32:WS2_32.dll
 0002:0000021c       __imp__connect@12          0044121c     ws2_32:WS2_32.dll
 0002:00000220       __imp__htons@4             00441220     ws2_32:WS2_32.dll
 0002:00000224       __imp__inet_addr@4         00441224     ws2_32:WS2_32.dll
 0002:00000228       __imp__socket@12           00441228     ws2_32:WS2_32.dll
 0002:0000022c       __imp__accept@12           0044122c     ws2_32:WS2_32.dll
 0002:00000230       __imp__listen@8            00441230     ws2_32:WS2_32.dll
 0002:00000234       __imp__bind@12             00441234     ws2_32:WS2_32.dll
 0002:00000238       __imp__WSAStartup@8        00441238     ws2_32:WS2_32.dll
 0002:0000023c       __imp__recv@16             0044123c     ws2_32:WS2_32.dll
 0002:00000240       \177WS2_32_NULL_THUNK_DATA 00441240     ws2_32:WS2_32.dll
 0002:00000b70       __economy_chunk_handlers   00441b70     economy.obj
 0002:000011b0       __rail_vehicle_info        004421b0     engine.obj
 0002:0000183c       __engine_chunk_handlers    0044283c     engine.obj
 0002:00001920       __tile_type_procs          00442920     landscape.obj
 0002:00001960       __tileh_to_sprite          00442960     landscape.obj
 0002:00001ac8       __tileoffs_by_dir          00442ac8     misc.obj
 0002:00002120       __name_chunk_handlers      00443120     misc.obj
 0002:000032e4       __city_name_generators     004442e4     namegen.obj
 0002:00003330       __ffb_64                   00444330     pathfind.obj
 0002:000034cc       __player_chunk_handlers    004444cc     players.obj
 0002:00003518       __map_chunk_handlers       00444518     saveload.obj
 0002:0000397c       __currency_string_list     0044497c     strings.obj
 0002:00003b10       __animated_tile_chunk_handlers 00444b10     texteff.obj
 0002:00003b20       __null_music_driver        00444b20     ttd.obj
 0002:00003b38       __null_video_driver        00444b38     ttd.obj
 0002:00003b4c       __null_sound_driver        00444b4c     ttd.obj
 0002:00003d50       __common_veh_desc          00444d50     vehicle.obj
 0002:00003ed0       __veh_chunk_handlers       00444ed0     vehicle.obj
[...]
 0001:0000c3a9       @SaveLoad_MAP2@0           0040d3a9 f   saveload.obj
 0001:0000c3bb       @SaveLoad_M3LO@0           0040d3bb f   saveload.obj
 0001:0000c3cd       @SaveLoad_M3HI@0           0040d3cd f   saveload.obj
 0001:0000c3df       @SaveLoad_MAPO@0           0040d3df f   saveload.obj
 0001:0000c3f1       @SaveLoad_MAP5@0           0040d3f1 f   saveload.obj
 0001:0000c403       @SaveLoad_MAPE@0           0040d403 f   saveload.obj
 0001:0000c599       @FlushLZO@0                0040d599 f   saveload.obj
 0001:0000c663       @WriteByteLZO@4            0040d663 f   saveload.obj
 0001:0000c684       @FillLZO@4                 0040d684 f   saveload.obj
 0001:0000b3ab       @SubtractMoneyFromAnyPlayer@8 0040c3ab f   players.obj
 0001:0000b567       @GeneratePlayerColor@0     0040c567 f   players.obj
 0001:0000b69c       @GeneratePresidentName@4   0040c69c f   players.obj
 0001:0000b74b       @AllocatePlayer@0          0040c74b f   players.obj
 0001:0000b80d       @GenerateCompanyName@4     0040c80d f   players.obj
 0001:0000b917       @MaybeStartNewPlayer@0     0040c917 f   players.obj
 0001:0000ba59       @Save_PLYR@0               0040ca59 f   players.obj
 0001:0000ba8b       @SaveLoad_PLYR@4           0040ca8b f   players.obj
 0001:0000bb1b       @Load_PLYR@0               0040cb1b f   players.obj
 0001:0000ac7c       @TPFSetTileBit@12          0040bc7c f   pathfind.obj
 0001:0000a064       @LoadSavegameBytes@8       0040b064 f   oldloader.obj
 0001:0000a078       @DecodeSavegameByte@0      0040b078 f   oldloader.obj
 0001:0000a0cf       @GetSavegameByteFromBuffer@0 0040b0cf f   oldloader.obj
 0001:0000a10b       @FixCity@12                0040b10b f   oldloader.obj
 0001:0000a1ff       @FixIndustry@12            0040b1ff f   oldloader.obj
 0001:0000a2ee       @FixStation@12             0040b2ee f   oldloader.obj
 0001:0000a3d9       @FixGoodsEntry@12          0040b3d9 f   oldloader.obj
 0001:0000a412       @FixDepot@12               0040b412 f   oldloader.obj
 0001:0000a440       @FixVehicle@12             0040b440 f   oldloader.obj
 0001:0000a687       @FixSubsidy@12             0040b687 f   oldloader.obj
 0001:0000a6ac       @FixPlayer@12              0040b6ac f   oldloader.obj
 0001:0000a996       @FixEconomy@8              0040b996 f   oldloader.obj
 0001:0000a9b3       @FixAiBuildRec@8           0040b9b3 f   oldloader.obj
 0001:0000a9f2       @FixName@8                 0040b9f2 f   oldloader.obj
 0001:0000aa0f       @FixSign@12                0040ba0f f   oldloader.obj
 0001:0000aa3a       @FixEngine@12              0040ba3a f   oldloader.obj
 0001:00009485       @MakeEnglishCityName@8     0040a485 f   namegen.obj
 0001:0000955c       @AppendPart@12             0040a55c f   namegen.obj
 0001:00009584       @MakeGermanCityName@8      0040a584 f   namegen.obj
 0001:000095c2       @MakeSpanishCityName@8     0040a5c2 f   namegen.obj
 0001:000095e3       @MakeFrenchCityName@8      0040a5e3 f   namegen.obj
 0001:00009604       @MakeAmericanCityName@8    0040a604 f   namegen.obj
 0001:00009609       @MakeSillyCityName@8       0040a609 f   namegen.obj
 0001:00009646       @MakeSwedishCityName@8     0040a646 f   namegen.obj
 0001:000096fe       @MakeDutchCityName@8       0040a6fe f   namegen.obj
 0001:000097a1       @MakeFinnishCityName@8     0040a7a1 f   namegen.obj
 0001:000093fb       @Save_NAME@0               0040a3fb f   misc.obj
 0001:00009438       @Load_NAME@0               0040a438 f   misc.obj
 0001:00009462       @SaveLoad_OPTS@0           0040a462 f   misc.obj
 0001:00009471       @SaveLoad_DATE@0           0040a471 f   misc.obj
 0001:0000947b       @SaveLoad_VIEW@0           0040a47b f   misc.obj
 0001:00008839       @_lzo1x_1_do_compress@20   00409839 f   minilzo.obj
 0001:000083b8       @GenerateTerrain@8         004093b8 f   landscape.obj
 0001:0000854d       @CreateDesertOrRainForest@0 0040954d f   landscape.obj
 0001:0000682e       @GfxBlitTileZoomIn@4       0040782e f   gfx.obj
 0001:00006a69       @GfxBlitZoomInUncomp@4     00407a69 f   gfx.obj
 0001:00006bd6       @GfxBlitTileZoomMedium@4   00407bd6 f   gfx.obj
 0001:00006de5       @GfxBlitZoomMediumUncomp@4 00407de5 f   gfx.obj
 0001:00006ee4       @GfxBlitTileZoomOut@4      00407ee4 f   gfx.obj
 0001:000071c1       @GfxBlitZoomOutUncomp@4    004081c1 f   gfx.obj
 0001:000072cd       @GfxMainBlitter@16         004082cd f   gfx.obj
 0001:0000788a       @memcpy_pitch@24           0040888a f   gfx.obj
 0001:00007caa       @SwitchAnimatedCursor@0    00408caa f   gfx.obj
 0001:00007cda       @SetCursorSprite@4         00408cda f   gfx.obj
 0001:00005834       @SetupEngineNames@0        00406834 f   engine.obj
 0001:00005851       @AdjustAvailAircraft@0     00406851 f   engine.obj
 0001:0000588e       @CalcEngineReliability@4   0040688e f   engine.obj
 0001:00005c66       @Save_ENGN@0               00406c66 f   engine.obj
 0001:00005c91       @Load_ENGN@0               00406c91 f   engine.obj
 0001:00005cb3       @LoadSave_ENGS@0           00406cb3 f   engine.obj
 0001:000043f2       @Save_SUBS@0               004053f2 f   economy.obj
 0001:0000441f       @Load_SUBS@0               0040541f f   economy.obj
 0001:000046f3       @DeliverGoods@20           004056f3 f   economy.obj
 0001:000047fa       @DeliverGoodsToIndustry@12 004057fa f   economy.obj
 0001:00004882       @CheckSubsidised@12        00405882 f   economy.obj
 0001:00004a05       @PlayersGenStatistics@0    00405a05 f   economy.obj
 0001:00004b02       @UpdateCompanyRatingAndValue@4 00405b02 f   economy.obj
 0001:00004d10       @UpdatePlayerHouse@8       00405d10 f   economy.obj
 0001:00004d8f       @PlayersCheckBankrupt@4    00405d8f f   economy.obj
 0001:00004e83       @ChangeOwnershipOfPlayerItems@8 00405e83 f   economy.obj
 0001:00004ff2       @DeletePlayerWindows@4     00405ff2 f   economy.obj
 0001:00005035       @AddInflation@0            00406035 f   economy.obj
 0001:000050d4       @AddSingleInflation@12     004060d4 f   economy.obj
 0001:0000510f       @PlayersPayInterest@0      0040610f f   economy.obj
 0001:00005170       @HandleEconomyFluctuations@0 00406170 f   economy.obj
 0001:000051c2       @SubsidyMonthlyHandler@0   004061c2 f   economy.obj
 0001:00005324       @FindSubsidyPassengerRoute@4 00406324 f   economy.obj
 0001:0000538d       @FindSubsidyCargoRoute@4   0040638d f   economy.obj
 0001:00005465       @CheckSubsidyDuplicate@4   00406465 f   economy.obj
 0001:0000550d       @DoAcquireCompany@4        0040650d f   economy.obj
 0001:00005670       @SaveLoad_PRIC@0           00406670 f   economy.obj
 0001:0000568f       @SaveLoad_CAPR@0           0040668f f   economy.obj
 0001:000056ae       @SaveLoad_ECMY@0           004066ae f   economy.obj
 0001:00000000       @AiCase0@4                 00401000 f   ai.obj
 0001:0000000a       @AiCase1@4                 0040100a f   ai.obj
 0001:00000013       @AiStateVehLoop@4          00401013 f   ai.obj
 0001:000000e6       @AiChooseRoadVehToReplaceWith@8 004010e6 f   ai.obj
 0001:000000f6       @AiChooseRoadVehToBuild@8  004010f6 f   ai.obj
 0001:00000178       @AiChooseAircraftToReplaceWith@8 00401178 f   ai.obj
 0001:0000018f       @AiChooseAircraftToBuild@8 0040118f f   ai.obj
 0001:00000217       @AiChooseTrainToReplaceWith@8 00401217 f   ai.obj
 0001:00000247       @AiChooseTrainToBuild@12   00401247 f   ai.obj
 0001:000002df       @AiChooseShipToReplaceWith@8 004012df f   ai.obj
 0001:000002e9       @AiHandleReplaceTrain@4    004012e9 f   ai.obj
 0001:000003ac       @AiHandleGotoDepot@8       004013ac f   ai.obj
 0001:000003fc       @AiHandleReplaceRoadVeh@4  004013fc f   ai.obj
 0001:000004b2       @AiHandleReplaceAircraft@4 004014b2 f   ai.obj
 0001:0000055a       @AiHandleReplaceShip@4     0040155a f   ai.obj
 0001:00000564       @AiStateCheckReplaceVehicle@4 00401564 f   ai.obj
 0001:000005a1       @AiStateDoReplaceVehicle@4 004015a1 f   ai.obj
 0001:000005c4       @AiStateWantNewRoute@4     004015c4 f   ai.obj
 0001:0000062c       @AiWantTrainRoute@4        0040162c f   ai.obj
 0001:00000670       @AiWantLongIndustryRoute@4 00401670 f   ai.obj
 0001:0000081b       @AiFindSubsidyIndustryRoute@4 0040181b f   ai.obj
 0001:000008c8       @AiFindRandomIndustryRoute@4 004018c8 f   ai.obj
 0001:00000994       @AiCheckIfRouteIsGood@12   00401994 f   ai.obj
 0001:00000a8d       @AiGetDirectionBetweenTiles@8 00401a8d f   ai.obj
 0001:00000aa4       @AiGetPctTileBetween@12    00401aa4 f   ai.obj
 0001:00000add       @AiWantMediumIndustryRoute@4 00401add f   ai.obj
 0001:00000bed       @AiWantShortIndustryRoute@4 00401bed f   ai.obj
 0001:00000cfd       @AiWantMailRoute@4         00401cfd f   ai.obj
 0001:00000eb0       @AiFindSubsidyPassengerRoute@4 00401eb0 f   ai.obj
 0001:00000f1b       @AiFindRandomPassengerRoute@4 00401f1b f   ai.obj
 0001:00000f82       @AiWantPassengerRoute@4    00401f82 f   ai.obj
 0001:00001082       @AiWantRoadRoute@4         00402082 f   ai.obj
 0001:000010b3       @AiWantLongRoadIndustryRoute@4 004020b3 f   ai.obj
 0001:00001180       @AiWantMediumRoadIndustryRoute@4 00402180 f   ai.obj
 0001:0000124d       @AiWantLongRoadPassengerRoute@4 0040224d f   ai.obj
 0001:00001316       @AiWantPassengerRouteInsideCity@4 00402316 f   ai.obj
 0001:000013cc       @AiFindRandomCity@0        004023cc f   ai.obj
 0001:000013ea       @AiWantAircraftRoute@4     004023ea f   ai.obj
 0001:00001413       @AiWantPassengerAircraftRoute@4 00402413 f   ai.obj
 0001:000014c0       @AiWantOilRigAircraftRoute@4 004024c0 f   ai.obj
 0001:00039305       @AiWantShipRoute@4         0043a305 f   water_cmd.obj
 0001:00001591       @AiStateBuildDefaultRailBlocks@4 00402591 f   ai.obj
 0001:00001696       @AiDoBuildDefaultRailTrack@12 00402696 f   ai.obj
 0001:0000189e       @AiBuildDefaultRailTrack@32 0040289e f   ai.obj
 0001:0000192c       @AiCheckTrackResources@12  0040292c f   ai.obj
 0001:000019bd       @AiDoTerraformLand@16      004029bd f   ai.obj
 0001:00001a5e       @AiStateBuildRail@4        00402a5e f   ai.obj
 0001:00001b9a       @AiGetEdgeOfDefaultRailBlock@16 00402b9a f   ai.obj
 0001:00001bdb       @AiBuildRail@4             00402bdb f   ai.obj
 0001:00001c28       @AiBuildRailConstruct@4    00402c28 f   ai.obj
 0001:00001dba       @GetRailTrackStatus@4      00402dba f   ai.obj
 0001:00001dcc       @AiDoFollowTrack@4         00402dcc f   ai.obj
 0001:00001e23       @AiEnumFollowTrack@20      00402e23 f   ai.obj
 0001:00001e59       @AiBanTile@12              00402e59 f   ai.obj
 0001:00001ebf       @AiBuildRailRecursive@12   00402ebf f   ai.obj
 0001:0000212d       @AiIsTileBanned@12         0040312d f   ai.obj
 0001:00002165       @AiCheckRailPathBetter@8   00403165 f   ai.obj
 0001:000021b6       @AiBuildRailDestruct@4     004031b6 f   ai.obj
 0001:000021db       @AiRemoveTileAndGoForward@4 004031db f   ai.obj
 0001:00002316       @AiStateBuildRailVeh@4     00403316 f   ai.obj
 0001:00002533       @AiGetStationIdByDef@8     00403533 f   ai.obj
 0001:00002557       @AiStateDeleteRailBlocks@4 00403557 f   ai.obj
 0001:000025ad       @AiStateBuildDefaultRoadBlocks@4 004035ad f   ai.obj
 0001:000026b0       @AiFindBestDefaultRoadBlock@16 004036b0 f   ai.obj
 0001:0000271c       @AiCheckRoadResources@12   0040371c f   ai.obj
 0001:00002779       @AiDoBuildDefaultRoadBlock@12 00403779 f   ai.obj
 0001:000028f1       @AiCheckBlockDistances@8   004038f1 f   ai.obj
 0001:000029c4       @AiEnumFollowRoad@20       004039c4 f   ai.obj
 0001:00002a1a       @AiStateBuildRoad@4        00403a1a f   ai.obj
 0001:00002b05       @AiBuildRoad@4             00403b05 f   ai.obj
 0001:00002b55       @AiBuildRoadConstruct@4    00403b55 f   ai.obj
 0001:00002cd7       @AiBuildRoadHelper@12      00403cd7 f   ai.obj
 0001:00002cfb       @AiBuildRoadRecursive@12   00403cfb f   ai.obj
 0001:00002f26       @AiCheckRoadPathBetter@8   00403f26 f   ai.obj
 0001:00002f85       @AiGetRoadBlockEdge@12     00403f85 f   ai.obj
 0001:00002fb0       @AiStateBuildRoadVehicles@4 00403fb0 f   ai.obj
 0001:000030ee       @AiGetStationIdFromRoadBlock@8 004040ee f   ai.obj
 0001:00003111       @AiStateDeleteRoadBlocks@4 00404111 f   ai.obj
 0001:0000316b       @AiStateAirportStuff@4     0040416b f   ai.obj
 0001:00003221       @AiCheckIfHangar@4         00404221 f   ai.obj
 0001:0000323a       @AiStateBuildDefaultAirportBlocks@4 0040423a f   ai.obj
 0001:00003333       @AiDoBuildDefaultAirportBlock@12 00404333 f   ai.obj
 0001:00003395       @AiFindBestDefaultAirportBlock@12 00404395 f   ai.obj
 0001:000033ef       @AiCheckAirportResources@12 004043ef f   ai.obj
 0001:00003450       @AiStateBuildAircraftVehicles@4 00404450 f   ai.obj
 0001:00003577       @AiGetStationIdFromAircraftBlock@8 00404577 f   ai.obj
 0001:00003598       @AiStateCheckShipStuff@4   00404598 f   ai.obj
 0001:000035a2       @AiStateBuildDefaultShipBlocks@4 004045a2 f   ai.obj
 0001:000035ac       @AiStateDoShipStuff@4      004045ac f   ai.obj
 0001:000035b6       @AiStateSellVeh@4          004045b6 f   ai.obj
 0001:00003712       @AiStateRemoveStation@4    00404712 f   ai.obj
 0001:000037c4       @AiStateRemoveTrack@4      004047c4 f   ai.obj
 0001:000037f2       @AiRemovePlayerRailOrRoad@8 004047f2 f   ai.obj
 0001:000039fb       @AiStateRemoveSingleRailTile@4 004049fb f   ai.obj
 0001:00003a96       @AiHandleTakeover@4        00404a96 f   ai.obj
 0001:00003bd5       @AiAdjustLoan@4            00404bd5 f   ai.obj
 0001:00003c3b       @AiBuildCompanyHQ@4        00404c3b f   ai.obj
 0001:0003f4d3       _getSystemCP               004404d3 f   LIBC:mbctype.obj
 0001:0003f51d       _CPtoLCID                  0044051d f   LIBC:mbctype.obj
 0001:0003f550       _setSBCS                   00440550 f   LIBC:mbctype.obj
 0001:0003f579       _setSBUpLow                00440579 f   LIBC:mbctype.obj
 0001:0003f309       _x_ismbbtype               00440309 f   LIBC:ismbbyte.obj
 0001:0003f184       _strncnt                   00440184 f   LIBC:a_map.obj
 0001:0003e605       _parse_cmdline             0043f605 f   LIBC:stdargv.obj
 0001:0003e418       _xcptlookup                0043f418 f   LIBC:winxfltr.obj
 0001:0003c6c6       _write_char                0043d6c6 f   LIBC:output.obj
 0001:0003c6fb       _write_multi_char          0043d6fb f   LIBC:output.obj
 0001:0003c72c       _write_string              0043d72c f   LIBC:output.obj
 0001:0003c764       _get_int_arg               0043d764 f   LIBC:output.obj
 0001:0003c771       _get_int64_arg             0043d771 f   LIBC:output.obj
 0001:0003c781       _get_short_arg             0043d781 f   LIBC:output.obj
 0001:0003b930       LeadUp1                    0043c930 f   LIBC:memcpy.obj
 0001:0003b95c       LeadUp2                    0043c95c f   LIBC:memcpy.obj
 0001:0003b980       LeadUp3                    0043c980 f   LIBC:memcpy.obj
 0001:0003b9ff       UnwindUp0                  0043c9ff f   LIBC:memcpy.obj
 0001:0003b9ec       UnwindUp1                  0043c9ec f   LIBC:memcpy.obj
 0001:0003b9e4       UnwindUp2                  0043c9e4 f   LIBC:memcpy.obj
 0001:0003b9dc       UnwindUp3                  0043c9dc f   LIBC:memcpy.obj
 0001:0003b9d4       UnwindUp4                  0043c9d4 f   LIBC:memcpy.obj
 0001:0003b9cc       UnwindUp5                  0043c9cc f   LIBC:memcpy.obj
 0001:0003b9c4       UnwindUp6                  0043c9c4 f   LIBC:memcpy.obj
 0001:0003b9bc       UnwindUp7                  0043c9bc f   LIBC:memcpy.obj
 0001:0003ba18       TrailUp0                   0043ca18 f   LIBC:memcpy.obj
 0001:0003ba20       TrailUp1                   0043ca20 f   LIBC:memcpy.obj
 0001:0003ba2c       TrailUp2                   0043ca2c f   LIBC:memcpy.obj
 0001:0003ba40       TrailUp3                   0043ca40 f   LIBC:memcpy.obj
 0001:0003bab8       LeadDown1                  0043cab8 f   LIBC:memcpy.obj
 0001:0003bad8       LeadDown2                  0043cad8 f   LIBC:memcpy.obj
 0001:0003bb00       LeadDown3                  0043cb00 f   LIBC:memcpy.obj
 0001:0003bb54       UnwindDown7                0043cb54 f   LIBC:memcpy.obj
 0001:0003bb5c       UnwindDown6                0043cb5c f   LIBC:memcpy.obj
 0001:0003bb64       UnwindDown5                0043cb64 f   LIBC:memcpy.obj
 0001:0003bb6c       UnwindDown4                0043cb6c f   LIBC:memcpy.obj
 0001:0003bb74       UnwindDown3                0043cb74 f   LIBC:memcpy.obj
 0001:0003bb7c       UnwindDown2                0043cb7c f   LIBC:memcpy.obj
 0001:0003bb84       UnwindDown1                0043cb84 f   LIBC:memcpy.obj
 0001:0003bb97       UnwindDown0                0043cb97 f   LIBC:memcpy.obj
 0001:0003bbb0       TrailDown0                 0043cbb0 f   LIBC:memcpy.obj
 0001:0003bbb8       TrailDown1                 0043cbb8 f   LIBC:memcpy.obj
 0001:0003bbc8       TrailDown2                 0043cbc8 f   LIBC:memcpy.obj
 0001:0003bbdc       TrailDown3                 0043cbdc f   LIBC:memcpy.obj
 0001:0003b581       _flsall                    0043c581 f   LIBC:fflush.obj
 0001:0003b423       _fast_error_exit           0043c423 f   LIBC:wincrt0.obj
 0001:0003b0e8       _gu_return                 0043c0e8 f   LIBC:exsup.obj
 0001:0003b0f0       __unwind_handler           0043c0f0 f   LIBC:exsup.obj
 0001:0003ac10       _shortsort                 0043bc10 f   LIBC:qsort.obj
 0001:0003ac5e       _swap                      0043bc5e f   LIBC:qsort.obj
 0001:0003a681       _doexit                    0043b681 f   LIBC:crt0dat.obj
 0001:0003a71a       __initterm                 0043b71a f   LIBC:crt0dat.obj
 0001:0003a143       _strtoxl                   0043b143 f   LIBC:strtol.obj
 0001:00039560       LeadUp1                    0043a560 f   LIBC:memmove.obj
 0001:0003958c       LeadUp2                    0043a58c f   LIBC:memmove.obj
 0001:000395b0       LeadUp3                    0043a5b0 f   LIBC:memmove.obj
 0001:0003962f       UnwindUp0                  0043a62f f   LIBC:memmove.obj
 0001:0003961c       UnwindUp1                  0043a61c f   LIBC:memmove.obj
 0001:00039614       UnwindUp2                  0043a614 f   LIBC:memmove.obj
 0001:0003960c       UnwindUp3                  0043a60c f   LIBC:memmove.obj
 0001:00039604       UnwindUp4                  0043a604 f   LIBC:memmove.obj
 0001:000395fc       UnwindUp5                  0043a5fc f   LIBC:memmove.obj
 0001:000395f4       UnwindUp6                  0043a5f4 f   LIBC:memmove.obj
 0001:000395ec       UnwindUp7                  0043a5ec f   LIBC:memmove.obj
 0001:00039648       TrailUp0                   0043a648 f   LIBC:memmove.obj
 0001:00039650       TrailUp1                   0043a650 f   LIBC:memmove.obj
 0001:0003965c       TrailUp2                   0043a65c f   LIBC:memmove.obj
 0001:00039670       TrailUp3                   0043a670 f   LIBC:memmove.obj
 0001:000396e8       LeadDown1                  0043a6e8 f   LIBC:memmove.obj
 0001:00039708       LeadDown2                  0043a708 f   LIBC:memmove.obj
 0001:00039730       LeadDown3                  0043a730 f   LIBC:memmove.obj
 0001:00039784       UnwindDown7                0043a784 f   LIBC:memmove.obj
 0001:0003978c       UnwindDown6                0043a78c f   LIBC:memmove.obj
 0001:00039794       UnwindDown5                0043a794 f   LIBC:memmove.obj
 0001:0003979c       UnwindDown4                0043a79c f   LIBC:memmove.obj
 0001:000397a4       UnwindDown3                0043a7a4 f   LIBC:memmove.obj
 0001:000397ac       UnwindDown2                0043a7ac f   LIBC:memmove.obj
 0001:000397b4       UnwindDown1                0043a7b4 f   LIBC:memmove.obj
 0001:000397c7       UnwindDown0                0043a7c7 f   LIBC:memmove.obj
 0001:000397e0       TrailDown0                 0043a7e0 f   LIBC:memmove.obj
 0001:000397e8       TrailDown1                 0043a7e8 f   LIBC:memmove.obj
 0001:000397f8       TrailDown2                 0043a7f8 f   LIBC:memmove.obj
 0001:0003980c       TrailDown3                 0043a80c f   LIBC:memmove.obj

 240 bytes saved through ICF

